  正在确定要还原的项目…
  已还原 D:\ItemBinding\MainAPP\MainAPP.csproj (用时 1.37 秒)。
  6 个项目(共 7 个)是最新的，无法还原。
  Extensions -> D:\ItemBinding\Extensions\bin\Debug\net8.0\Extensions.dll
  HikScanner -> D:\ItemBinding\HikCameraLib\HikScanner\bin\Debug\net8.0-windows\HikScanner.dll
  CoordinateSystemMapping -> D:\ItemBinding\CoordinateSystemMapping\bin\Debug\net8.0\CoordinateSystemMapping.dll
  JinlongYolo -> D:\ItemBinding\JinlongYolo\bin\Debug\net8.0\JinlongYolo.dll
  ScottPlot -> D:\ItemBinding\ScottPlot5\bin\Debug\net8.0\ScottPlot.dll
  ScottPlot.WPF -> D:\ItemBinding\ScottPlot.WPF\bin\Debug\net8.0-windows\ScottPlot.WPF.dll
D:\ItemBinding\MainAPP\App.xaml.cs(54,39): warning VSTHRD100: Avoid "async void" methods, because any exceptions not handled by the method will crash the process (https://microsoft.github.io/vs-threading/analyzers/VSTHRD100.html) [D:\ItemBinding\MainAPP\MainAPP_id2qvefw_wpftmp.csproj]
D:\ItemBinding\MainAPP\Devices\Scanners.cs(80,31): warning VSTHRD103: Connect synchronously blocks. Await ConnectAsync instead. (https://microsoft.github.io/vs-threading/analyzers/VSTHRD103.html) [D:\ItemBinding\MainAPP\MainAPP_id2qvefw_wpftmp.csproj]
D:\ItemBinding\MainAPP\App.xaml.cs(101,39): warning VSTHRD100: Avoid "async void" methods, because any exceptions not handled by the method will crash the process (https://microsoft.github.io/vs-threading/analyzers/VSTHRD100.html) [D:\ItemBinding\MainAPP\MainAPP_id2qvefw_wpftmp.csproj]
D:\ItemBinding\MainAPP\Views\RecipeWindow.xaml.cs(23,23): warning VSTHRD101: Avoid using async lambda for a void returning delegate type, because any exceptions not handled by the delegate will crash the process (https://microsoft.github.io/vs-threading/analyzers/VSTHRD101.html) [D:\ItemBinding\MainAPP\MainAPP_id2qvefw_wpftmp.csproj]
D:\ItemBinding\MainAPP\Views\RecipeWindow.xaml.cs(32,28): warning VSTHRD100: Avoid "async void" methods, because any exceptions not handled by the method will crash the process (https://microsoft.github.io/vs-threading/analyzers/VSTHRD100.html) [D:\ItemBinding\MainAPP\MainAPP_id2qvefw_wpftmp.csproj]
D:\ItemBinding\MainAPP\Controls\ImageViewer.xaml.cs(274,32): warning VSTHRD001: Await JoinableTaskFactory.SwitchToMainThreadAsync() to switch to the UI thread instead of APIs that can deadlock or require specifying a priority (https://microsoft.github.io/vs-threading/analyzers/VSTHRD001.html) [D:\ItemBinding\MainAPP\MainAPP_id2qvefw_wpftmp.csproj]
D:\ItemBinding\MainAPP\Controls\ImageViewer.xaml.cs(311,32): warning VSTHRD001: Await JoinableTaskFactory.SwitchToMainThreadAsync() to switch to the UI thread instead of APIs that can deadlock or require specifying a priority (https://microsoft.github.io/vs-threading/analyzers/VSTHRD001.html) [D:\ItemBinding\MainAPP\MainAPP_id2qvefw_wpftmp.csproj]
D:\ItemBinding\MainAPP\Controls\ImageViewer.xaml.cs(274,21): warning VSTHRD110: Observe the awaitable result of this method call by awaiting it, assigning to a variable, or passing it to another method (https://microsoft.github.io/vs-threading/analyzers/VSTHRD110.html) [D:\ItemBinding\MainAPP\MainAPP_id2qvefw_wpftmp.csproj]
D:\ItemBinding\MainAPP\Controls\ImageViewer.xaml.cs(311,21): warning VSTHRD110: Observe the awaitable result of this method call by awaiting it, assigning to a variable, or passing it to another method (https://microsoft.github.io/vs-threading/analyzers/VSTHRD110.html) [D:\ItemBinding\MainAPP\MainAPP_id2qvefw_wpftmp.csproj]
D:\ItemBinding\MainAPP\Services\ToVGT.cs(244,56): warning VSTHRD002: Synchronously waiting on tasks or awaiters may cause deadlocks. Use await or JoinableTaskFactory.Run instead. (https://microsoft.github.io/vs-threading/analyzers/VSTHRD002.html) [D:\ItemBinding\MainAPP\MainAPP_id2qvefw_wpftmp.csproj]
D:\ItemBinding\MainAPP\Services\ToVGT.cs(249,52): warning VSTHRD002: Synchronously waiting on tasks or awaiters may cause deadlocks. Use await or JoinableTaskFactory.Run instead. (https://microsoft.github.io/vs-threading/analyzers/VSTHRD002.html) [D:\ItemBinding\MainAPP\MainAPP_id2qvefw_wpftmp.csproj]
D:\ItemBinding\MainAPP\Controls\ImageViewer.xaml.cs(360,28): warning VSTHRD100: Avoid "async void" methods, because any exceptions not handled by the method will crash the process (https://microsoft.github.io/vs-threading/analyzers/VSTHRD100.html) [D:\ItemBinding\MainAPP\MainAPP_id2qvefw_wpftmp.csproj]
D:\ItemBinding\MainAPP\Controls\ImageViewer.xaml.cs(347,36): warning VSTHRD001: Await JoinableTaskFactory.SwitchToMainThreadAsync() to switch to the UI thread instead of APIs that can deadlock or require specifying a priority (https://microsoft.github.io/vs-threading/analyzers/VSTHRD001.html) [D:\ItemBinding\MainAPP\MainAPP_id2qvefw_wpftmp.csproj]
D:\ItemBinding\MainAPP\App.xaml.cs(342,13): warning VSTHRD110: Observe the awaitable result of this method call by awaiting it, assigning to a variable, or passing it to another method (https://microsoft.github.io/vs-threading/analyzers/VSTHRD110.html) [D:\ItemBinding\MainAPP\MainAPP_id2qvefw_wpftmp.csproj]
D:\ItemBinding\MainAPP\Controls\ImageViewer.xaml.cs(347,25): warning VSTHRD110: Observe the awaitable result of this method call by awaiting it, assigning to a variable, or passing it to another method (https://microsoft.github.io/vs-threading/analyzers/VSTHRD110.html) [D:\ItemBinding\MainAPP\MainAPP_id2qvefw_wpftmp.csproj]
D:\ItemBinding\MainAPP\Services\ToVGT.cs(352,37): warning VSTHRD103: Cancel synchronously blocks. Await CancelAsync instead. (https://microsoft.github.io/vs-threading/analyzers/VSTHRD103.html) [D:\ItemBinding\MainAPP\MainAPP_id2qvefw_wpftmp.csproj]
D:\ItemBinding\MainAPP\Services\ToVGT.cs(244,56): warning VSTHRD103: Result synchronously blocks. Use await instead. (https://microsoft.github.io/vs-threading/analyzers/VSTHRD103.html) [D:\ItemBinding\MainAPP\MainAPP_id2qvefw_wpftmp.csproj]
D:\ItemBinding\MainAPP\Services\ToVGT.cs(249,52): warning VSTHRD103: Result synchronously blocks. Use await instead. (https://microsoft.github.io/vs-threading/analyzers/VSTHRD103.html) [D:\ItemBinding\MainAPP\MainAPP_id2qvefw_wpftmp.csproj]
D:\ItemBinding\MainAPP\Services\LogDatabaseService.cs(28,54): warning VSTHRD002: Synchronously waiting on tasks or awaiters may cause deadlocks. Use await or JoinableTaskFactory.Run instead. (https://microsoft.github.io/vs-threading/analyzers/VSTHRD002.html) [D:\ItemBinding\MainAPP\MainAPP_id2qvefw_wpftmp.csproj]
D:\ItemBinding\MainAPP\ViewModels\MainViewModel.cs(165,33): warning VSTHRD001: Await JoinableTaskFactory.SwitchToMainThreadAsync() to switch to the UI thread instead of APIs that can deadlock or require specifying a priority (https://microsoft.github.io/vs-threading/analyzers/VSTHRD001.html) [D:\ItemBinding\MainAPP\MainAPP_id2qvefw_wpftmp.csproj]
D:\ItemBinding\MainAPP\ViewModels\MainViewModel.cs(178,33): warning VSTHRD001: Await JoinableTaskFactory.SwitchToMainThreadAsync() to switch to the UI thread instead of APIs that can deadlock or require specifying a priority (https://microsoft.github.io/vs-threading/analyzers/VSTHRD001.html) [D:\ItemBinding\MainAPP\MainAPP_id2qvefw_wpftmp.csproj]
D:\ItemBinding\MainAPP\ViewModels\MainViewModel.cs(165,21): warning VSTHRD110: Observe the awaitable result of this method call by awaiting it, assigning to a variable, or passing it to another method (https://microsoft.github.io/vs-threading/analyzers/VSTHRD110.html) [D:\ItemBinding\MainAPP\MainAPP_id2qvefw_wpftmp.csproj]
D:\ItemBinding\MainAPP\ViewModels\MainViewModel.cs(178,21): warning VSTHRD110: Observe the awaitable result of this method call by awaiting it, assigning to a variable, or passing it to another method (https://microsoft.github.io/vs-threading/analyzers/VSTHRD110.html) [D:\ItemBinding\MainAPP\MainAPP_id2qvefw_wpftmp.csproj]
D:\ItemBinding\MainAPP\Views\ChartsView.xaml.cs(157,28): warning VSTHRD100: Avoid "async void" methods, because any exceptions not handled by the method will crash the process (https://microsoft.github.io/vs-threading/analyzers/VSTHRD100.html) [D:\ItemBinding\MainAPP\MainAPP_id2qvefw_wpftmp.csproj]
D:\ItemBinding\MainAPP\Views\LogView.xaml.cs(353,28): warning VSTHRD100: Avoid "async void" methods, because any exceptions not handled by the method will crash the process (https://microsoft.github.io/vs-threading/analyzers/VSTHRD100.html) [D:\ItemBinding\MainAPP\MainAPP_id2qvefw_wpftmp.csproj]
D:\ItemBinding\MainAPP\Services\LogDatabaseService.cs(59,59): warning VSTHRD103: IsDBNull synchronously blocks. Await IsDBNullAsync instead. (https://microsoft.github.io/vs-threading/analyzers/VSTHRD103.html) [D:\ItemBinding\MainAPP\MainAPP_id2qvefw_wpftmp.csproj]
D:\ItemBinding\MainAPP\Services\LogDatabaseService.cs(60,55): warning VSTHRD103: IsDBNull synchronously blocks. Await IsDBNullAsync instead. (https://microsoft.github.io/vs-threading/analyzers/VSTHRD103.html) [D:\ItemBinding\MainAPP\MainAPP_id2qvefw_wpftmp.csproj]
D:\ItemBinding\MainAPP\Services\LogDatabaseService.cs(61,44): warning VSTHRD103: IsDBNull synchronously blocks. Await IsDBNullAsync instead. (https://microsoft.github.io/vs-threading/analyzers/VSTHRD103.html) [D:\ItemBinding\MainAPP\MainAPP_id2qvefw_wpftmp.csproj]
D:\ItemBinding\MainAPP\Services\LogDatabaseService.cs(62,50): warning VSTHRD103: IsDBNull synchronously blocks. Await IsDBNullAsync instead. (https://microsoft.github.io/vs-threading/analyzers/VSTHRD103.html) [D:\ItemBinding\MainAPP\MainAPP_id2qvefw_wpftmp.csproj]
D:\ItemBinding\MainAPP\Services\LogDatabaseService.cs(63,45): warning VSTHRD103: IsDBNull synchronously blocks. Await IsDBNullAsync instead. (https://microsoft.github.io/vs-threading/analyzers/VSTHRD103.html) [D:\ItemBinding\MainAPP\MainAPP_id2qvefw_wpftmp.csproj]
D:\ItemBinding\MainAPP\ViewModels\DatabaseViewModel.cs(538,74): warning VSTHRD001: Await JoinableTaskFactory.SwitchToMainThreadAsync() to switch to the UI thread instead of APIs that can deadlock or require specifying a priority (https://microsoft.github.io/vs-threading/analyzers/VSTHRD001.html) [D:\ItemBinding\MainAPP\MainAPP_id2qvefw_wpftmp.csproj]
D:\ItemBinding\MainAPP\ViewModels\DatabaseViewModel.cs(552,69): warning VSTHRD001: Await JoinableTaskFactory.SwitchToMainThreadAsync() to switch to the UI thread instead of APIs that can deadlock or require specifying a priority (https://microsoft.github.io/vs-threading/analyzers/VSTHRD001.html) [D:\ItemBinding\MainAPP\MainAPP_id2qvefw_wpftmp.csproj]
D:\ItemBinding\MainAPP\ViewModels\MainViewModel.cs(304,39): warning VSTHRD001: Await JoinableTaskFactory.SwitchToMainThreadAsync() to switch to the UI thread instead of APIs that can deadlock or require specifying a priority (https://microsoft.github.io/vs-threading/analyzers/VSTHRD001.html) [D:\ItemBinding\MainAPP\MainAPP_id2qvefw_wpftmp.csproj]
D:\ItemBinding\MainAPP\Views\LogView.xaml.cs(442,28): warning VSTHRD100: Avoid "async void" methods, because any exceptions not handled by the method will crash the process (https://microsoft.github.io/vs-threading/analyzers/VSTHRD100.html) [D:\ItemBinding\MainAPP\MainAPP_id2qvefw_wpftmp.csproj]
D:\ItemBinding\MainAPP\ViewModels\MainViewModel.cs(356,39): warning VSTHRD001: Await JoinableTaskFactory.SwitchToMainThreadAsync() to switch to the UI thread instead of APIs that can deadlock or require specifying a priority (https://microsoft.github.io/vs-threading/analyzers/VSTHRD001.html) [D:\ItemBinding\MainAPP\MainAPP_id2qvefw_wpftmp.csproj]
D:\ItemBinding\MainAPP\ViewModels\RecipeViewModel.cs(319,61): warning VSTHRD001: Await JoinableTaskFactory.SwitchToMainThreadAsync() to switch to the UI thread instead of APIs that can deadlock or require specifying a priority (https://microsoft.github.io/vs-threading/analyzers/VSTHRD001.html) [D:\ItemBinding\MainAPP\MainAPP_id2qvefw_wpftmp.csproj]
D:\ItemBinding\MainAPP\ViewModels\RecipeViewModel.cs(319,60): warning VSTHRD110: Observe the awaitable result of this method call by awaiting it, assigning to a variable, or passing it to another method (https://microsoft.github.io/vs-threading/analyzers/VSTHRD110.html) [D:\ItemBinding\MainAPP\MainAPP_id2qvefw_wpftmp.csproj]
D:\ItemBinding\MainAPP\Services\LogService.cs(176,40): warning VSTHRD001: Await JoinableTaskFactory.SwitchToMainThreadAsync() to switch to the UI thread instead of APIs that can deadlock or require specifying a priority (https://microsoft.github.io/vs-threading/analyzers/VSTHRD001.html) [D:\ItemBinding\MainAPP\MainAPP_id2qvefw_wpftmp.csproj]
D:\ItemBinding\MainAPP\Services\LogService.cs(176,17): warning VSTHRD110: Observe the awaitable result of this method call by awaiting it, assigning to a variable, or passing it to another method (https://microsoft.github.io/vs-threading/analyzers/VSTHRD110.html) [D:\ItemBinding\MainAPP\MainAPP_id2qvefw_wpftmp.csproj]
D:\ItemBinding\MainAPP\Views\LogView.xaml.cs(465,28): warning VSTHRD100: Avoid "async void" methods, because any exceptions not handled by the method will crash the process (https://microsoft.github.io/vs-threading/analyzers/VSTHRD100.html) [D:\ItemBinding\MainAPP\MainAPP_id2qvefw_wpftmp.csproj]
D:\ItemBinding\MainAPP\Services\LogService.cs(214,36): warning VSTHRD001: Await JoinableTaskFactory.SwitchToMainThreadAsync() to switch to the UI thread instead of APIs that can deadlock or require specifying a priority (https://microsoft.github.io/vs-threading/analyzers/VSTHRD001.html) [D:\ItemBinding\MainAPP\MainAPP_id2qvefw_wpftmp.csproj]
D:\ItemBinding\MainAPP\Services\LogService.cs(214,13): warning VSTHRD110: Observe the awaitable result of this method call by awaiting it, assigning to a variable, or passing it to another method (https://microsoft.github.io/vs-threading/analyzers/VSTHRD110.html) [D:\ItemBinding\MainAPP\MainAPP_id2qvefw_wpftmp.csproj]
D:\ItemBinding\MainAPP\Services\LogDatabaseService.cs(234,43): warning VSTHRD002: Synchronously waiting on tasks or awaiters may cause deadlocks. Use await or JoinableTaskFactory.Run instead. (https://microsoft.github.io/vs-threading/analyzers/VSTHRD002.html) [D:\ItemBinding\MainAPP\MainAPP_id2qvefw_wpftmp.csproj]
D:\ItemBinding\MainAPP\ViewModels\DatabaseViewModel.cs(603,74): warning VSTHRD001: Await JoinableTaskFactory.SwitchToMainThreadAsync() to switch to the UI thread instead of APIs that can deadlock or require specifying a priority (https://microsoft.github.io/vs-threading/analyzers/VSTHRD001.html) [D:\ItemBinding\MainAPP\MainAPP_id2qvefw_wpftmp.csproj]
D:\ItemBinding\MainAPP\ViewModels\HomeViewModel.cs(471,28): warning VSTHRD001: Await JoinableTaskFactory.SwitchToMainThreadAsync() to switch to the UI thread instead of APIs that can deadlock or require specifying a priority (https://microsoft.github.io/vs-threading/analyzers/VSTHRD001.html) [D:\ItemBinding\MainAPP\MainAPP_id2qvefw_wpftmp.csproj]
D:\ItemBinding\MainAPP\ViewModels\HomeViewModel.cs(471,17): warning VSTHRD110: Observe the awaitable result of this method call by awaiting it, assigning to a variable, or passing it to another method (https://microsoft.github.io/vs-threading/analyzers/VSTHRD110.html) [D:\ItemBinding\MainAPP\MainAPP_id2qvefw_wpftmp.csproj]
D:\ItemBinding\MainAPP\ViewModels\DatabaseViewModel.cs(704,65): warning VSTHRD001: Await JoinableTaskFactory.SwitchToMainThreadAsync() to switch to the UI thread instead of APIs that can deadlock or require specifying a priority (https://microsoft.github.io/vs-threading/analyzers/VSTHRD001.html) [D:\ItemBinding\MainAPP\MainAPP_id2qvefw_wpftmp.csproj]
D:\ItemBinding\MainAPP\Views\LogView.xaml.cs(632,28): warning VSTHRD100: Avoid "async void" methods, because any exceptions not handled by the method will crash the process (https://microsoft.github.io/vs-threading/analyzers/VSTHRD100.html) [D:\ItemBinding\MainAPP\MainAPP_id2qvefw_wpftmp.csproj]
D:\ItemBinding\MainAPP\Services\LogDatabaseService.cs(147,59): warning VSTHRD103: IsDBNull synchronously blocks. Await IsDBNullAsync instead. (https://microsoft.github.io/vs-threading/analyzers/VSTHRD103.html) [D:\ItemBinding\MainAPP\MainAPP_id2qvefw_wpftmp.csproj]
D:\ItemBinding\MainAPP\Views\LogView.xaml.cs(548,37): warning VSTHRD103: Result synchronously blocks. Use await instead. (https://microsoft.github.io/vs-threading/analyzers/VSTHRD103.html) [D:\ItemBinding\MainAPP\MainAPP_id2qvefw_wpftmp.csproj]
D:\ItemBinding\MainAPP\Services\LogDatabaseService.cs(148,55): warning VSTHRD103: IsDBNull synchronously blocks. Await IsDBNullAsync instead. (https://microsoft.github.io/vs-threading/analyzers/VSTHRD103.html) [D:\ItemBinding\MainAPP\MainAPP_id2qvefw_wpftmp.csproj]
D:\ItemBinding\MainAPP\Views\LogView.xaml.cs(557,43): warning VSTHRD103: Result synchronously blocks. Use await instead. (https://microsoft.github.io/vs-threading/analyzers/VSTHRD103.html) [D:\ItemBinding\MainAPP\MainAPP_id2qvefw_wpftmp.csproj]
D:\ItemBinding\MainAPP\Views\LogView.xaml.cs(558,45): warning VSTHRD103: Result synchronously blocks. Use await instead. (https://microsoft.github.io/vs-threading/analyzers/VSTHRD103.html) [D:\ItemBinding\MainAPP\MainAPP_id2qvefw_wpftmp.csproj]
D:\ItemBinding\MainAPP\Views\LogView.xaml.cs(559,44): warning VSTHRD103: Result synchronously blocks. Use await instead. (https://microsoft.github.io/vs-threading/analyzers/VSTHRD103.html) [D:\ItemBinding\MainAPP\MainAPP_id2qvefw_wpftmp.csproj]
D:\ItemBinding\MainAPP\Services\LogDatabaseService.cs(149,44): warning VSTHRD103: IsDBNull synchronously blocks. Await IsDBNullAsync instead. (https://microsoft.github.io/vs-threading/analyzers/VSTHRD103.html) [D:\ItemBinding\MainAPP\MainAPP_id2qvefw_wpftmp.csproj]
D:\ItemBinding\MainAPP\ViewModels\MainViewModel.cs(522,25): warning VSTHRD001: Await JoinableTaskFactory.SwitchToMainThreadAsync() to switch to the UI thread instead of APIs that can deadlock or require specifying a priority (https://microsoft.github.io/vs-threading/analyzers/VSTHRD001.html) [D:\ItemBinding\MainAPP\MainAPP_id2qvefw_wpftmp.csproj]
D:\ItemBinding\MainAPP\ViewModels\MainViewModel.cs(522,13): warning VSTHRD110: Observe the awaitable result of this method call by awaiting it, assigning to a variable, or passing it to another method (https://microsoft.github.io/vs-threading/analyzers/VSTHRD110.html) [D:\ItemBinding\MainAPP\MainAPP_id2qvefw_wpftmp.csproj]
D:\ItemBinding\MainAPP\Services\LogDatabaseService.cs(150,50): warning VSTHRD103: IsDBNull synchronously blocks. Await IsDBNullAsync instead. (https://microsoft.github.io/vs-threading/analyzers/VSTHRD103.html) [D:\ItemBinding\MainAPP\MainAPP_id2qvefw_wpftmp.csproj]
D:\ItemBinding\MainAPP\Services\LogDatabaseService.cs(151,45): warning VSTHRD103: IsDBNull synchronously blocks. Await IsDBNullAsync instead. (https://microsoft.github.io/vs-threading/analyzers/VSTHRD103.html) [D:\ItemBinding\MainAPP\MainAPP_id2qvefw_wpftmp.csproj]
D:\ItemBinding\MainAPP\ViewModels\MainViewModel.cs(544,25): warning VSTHRD001: Await JoinableTaskFactory.SwitchToMainThreadAsync() to switch to the UI thread instead of APIs that can deadlock or require specifying a priority (https://microsoft.github.io/vs-threading/analyzers/VSTHRD001.html) [D:\ItemBinding\MainAPP\MainAPP_id2qvefw_wpftmp.csproj]
D:\ItemBinding\MainAPP\ViewModels\MainViewModel.cs(544,13): warning VSTHRD110: Observe the awaitable result of this method call by awaiting it, assigning to a variable, or passing it to another method (https://microsoft.github.io/vs-threading/analyzers/VSTHRD110.html) [D:\ItemBinding\MainAPP\MainAPP_id2qvefw_wpftmp.csproj]
D:\ItemBinding\MainAPP\ViewModels\RecipeManageViewModel.cs(116,73): warning VSTHRD001: Await JoinableTaskFactory.SwitchToMainThreadAsync() to switch to the UI thread instead of APIs that can deadlock or require specifying a priority (https://microsoft.github.io/vs-threading/analyzers/VSTHRD001.html) [D:\ItemBinding\MainAPP\MainAPP_id2qvefw_wpftmp.csproj]
D:\ItemBinding\MainAPP\ViewModels\RecipeManageViewModel.cs(116,72): warning VSTHRD110: Observe the awaitable result of this method call by awaiting it, assigning to a variable, or passing it to another method (https://microsoft.github.io/vs-threading/analyzers/VSTHRD110.html) [D:\ItemBinding\MainAPP\MainAPP_id2qvefw_wpftmp.csproj]
D:\ItemBinding\MainAPP\ViewModels\MainViewModel.cs(558,29): warning VSTHRD001: Await JoinableTaskFactory.SwitchToMainThreadAsync() to switch to the UI thread instead of APIs that can deadlock or require specifying a priority (https://microsoft.github.io/vs-threading/analyzers/VSTHRD001.html) [D:\ItemBinding\MainAPP\MainAPP_id2qvefw_wpftmp.csproj]
D:\ItemBinding\MainAPP\ViewModels\MainViewModel.cs(577,29): warning VSTHRD001: Await JoinableTaskFactory.SwitchToMainThreadAsync() to switch to the UI thread instead of APIs that can deadlock or require specifying a priority (https://microsoft.github.io/vs-threading/analyzers/VSTHRD001.html) [D:\ItemBinding\MainAPP\MainAPP_id2qvefw_wpftmp.csproj]
D:\ItemBinding\MainAPP\ViewModels\MainViewModel.cs(558,17): warning VSTHRD110: Observe the awaitable result of this method call by awaiting it, assigning to a variable, or passing it to another method (https://microsoft.github.io/vs-threading/analyzers/VSTHRD110.html) [D:\ItemBinding\MainAPP\MainAPP_id2qvefw_wpftmp.csproj]
D:\ItemBinding\MainAPP\ViewModels\MainViewModel.cs(577,17): warning VSTHRD110: Observe the awaitable result of this method call by awaiting it, assigning to a variable, or passing it to another method (https://microsoft.github.io/vs-threading/analyzers/VSTHRD110.html) [D:\ItemBinding\MainAPP\MainAPP_id2qvefw_wpftmp.csproj]
D:\ItemBinding\MainAPP\Services\NotificationService.cs(42,28): warning VSTHRD001: Await JoinableTaskFactory.SwitchToMainThreadAsync() to switch to the UI thread instead of APIs that can deadlock or require specifying a priority (https://microsoft.github.io/vs-threading/analyzers/VSTHRD001.html) [D:\ItemBinding\MainAPP\MainAPP_id2qvefw_wpftmp.csproj]
D:\ItemBinding\MainAPP\Services\NotificationService.cs(42,17): warning VSTHRD110: Observe the awaitable result of this method call by awaiting it, assigning to a variable, or passing it to another method (https://microsoft.github.io/vs-threading/analyzers/VSTHRD110.html) [D:\ItemBinding\MainAPP\MainAPP_id2qvefw_wpftmp.csproj]
D:\ItemBinding\MainAPP\Views\DatabaseView.xaml.cs(22,28): warning VSTHRD100: Avoid "async void" methods, because any exceptions not handled by the method will crash the process (https://microsoft.github.io/vs-threading/analyzers/VSTHRD100.html) [D:\ItemBinding\MainAPP\MainAPP_id2qvefw_wpftmp.csproj]
D:\ItemBinding\MainAPP\ViewModels\RecipeViewModel.cs(757,30): warning VSTHRD103: Cancel synchronously blocks. Await CancelAsync instead. (https://microsoft.github.io/vs-threading/analyzers/VSTHRD103.html) [D:\ItemBinding\MainAPP\MainAPP_id2qvefw_wpftmp.csproj]
D:\ItemBinding\MainAPP\ViewModels\HomeViewModel.cs(1003,61): warning VSTHRD001: Await JoinableTaskFactory.SwitchToMainThreadAsync() to switch to the UI thread instead of APIs that can deadlock or require specifying a priority (https://microsoft.github.io/vs-threading/analyzers/VSTHRD001.html) [D:\ItemBinding\MainAPP\MainAPP_id2qvefw_wpftmp.csproj]
D:\ItemBinding\MainAPP\ViewModels\HomeViewModel.cs(1003,60): warning VSTHRD110: Observe the awaitable result of this method call by awaiting it, assigning to a variable, or passing it to another method (https://microsoft.github.io/vs-threading/analyzers/VSTHRD110.html) [D:\ItemBinding\MainAPP\MainAPP_id2qvefw_wpftmp.csproj]
D:\ItemBinding\MainAPP\Views\ChartsView.xaml.cs(877,28): warning VSTHRD100: Avoid "async void" methods, because any exceptions not handled by the method will crash the process (https://microsoft.github.io/vs-threading/analyzers/VSTHRD100.html) [D:\ItemBinding\MainAPP\MainAPP_id2qvefw_wpftmp.csproj]
D:\ItemBinding\MainAPP\ViewModels\HomeViewModel.cs(1403,90): warning VSTHRD002: Synchronously waiting on tasks or awaiters may cause deadlocks. Use await or JoinableTaskFactory.Run instead. (https://microsoft.github.io/vs-threading/analyzers/VSTHRD002.html) [D:\ItemBinding\MainAPP\MainAPP_id2qvefw_wpftmp.csproj]
D:\ItemBinding\MainAPP\ViewModels\RecipeViewModel.cs(1089,109): warning VSTHRD002: Synchronously waiting on tasks or awaiters may cause deadlocks. Use await or JoinableTaskFactory.Run instead. (https://microsoft.github.io/vs-threading/analyzers/VSTHRD002.html) [D:\ItemBinding\MainAPP\MainAPP_id2qvefw_wpftmp.csproj]
D:\ItemBinding\MainAPP\ViewModels\RecipeViewModel.cs(1098,106): warning VSTHRD002: Synchronously waiting on tasks or awaiters may cause deadlocks. Use await or JoinableTaskFactory.Run instead. (https://microsoft.github.io/vs-threading/analyzers/VSTHRD002.html) [D:\ItemBinding\MainAPP\MainAPP_id2qvefw_wpftmp.csproj]
D:\ItemBinding\MainAPP\ViewModels\RecipeViewModel.cs(1103,107): warning VSTHRD002: Synchronously waiting on tasks or awaiters may cause deadlocks. Use await or JoinableTaskFactory.Run instead. (https://microsoft.github.io/vs-threading/analyzers/VSTHRD002.html) [D:\ItemBinding\MainAPP\MainAPP_id2qvefw_wpftmp.csproj]
D:\ItemBinding\MainAPP\ViewModels\RecipeViewModel.cs(1062,28): warning VSTHRD103: Cancel synchronously blocks. Await CancelAsync instead. (https://microsoft.github.io/vs-threading/analyzers/VSTHRD103.html) [D:\ItemBinding\MainAPP\MainAPP_id2qvefw_wpftmp.csproj]
D:\ItemBinding\MainAPP\App.xaml.cs(54,39): warning VSTHRD100: Avoid "async void" methods, because any exceptions not handled by the method will crash the process (https://microsoft.github.io/vs-threading/analyzers/VSTHRD100.html) [D:\ItemBinding\MainAPP\MainAPP.csproj]
D:\ItemBinding\MainAPP\Devices\Scanners.cs(80,31): warning VSTHRD103: Connect synchronously blocks. Await ConnectAsync instead. (https://microsoft.github.io/vs-threading/analyzers/VSTHRD103.html) [D:\ItemBinding\MainAPP\MainAPP.csproj]
D:\ItemBinding\MainAPP\Views\RecipeWindow.xaml.cs(23,23): warning VSTHRD101: Avoid using async lambda for a void returning delegate type, because any exceptions not handled by the delegate will crash the process (https://microsoft.github.io/vs-threading/analyzers/VSTHRD101.html) [D:\ItemBinding\MainAPP\MainAPP.csproj]
D:\ItemBinding\MainAPP\App.xaml.cs(101,39): warning VSTHRD100: Avoid "async void" methods, because any exceptions not handled by the method will crash the process (https://microsoft.github.io/vs-threading/analyzers/VSTHRD100.html) [D:\ItemBinding\MainAPP\MainAPP.csproj]
D:\ItemBinding\MainAPP\Views\RecipeWindow.xaml.cs(32,28): warning VSTHRD100: Avoid "async void" methods, because any exceptions not handled by the method will crash the process (https://microsoft.github.io/vs-threading/analyzers/VSTHRD100.html) [D:\ItemBinding\MainAPP\MainAPP.csproj]
D:\ItemBinding\MainAPP\Services\ToVGT.cs(244,56): warning VSTHRD002: Synchronously waiting on tasks or awaiters may cause deadlocks. Use await or JoinableTaskFactory.Run instead. (https://microsoft.github.io/vs-threading/analyzers/VSTHRD002.html) [D:\ItemBinding\MainAPP\MainAPP.csproj]
D:\ItemBinding\MainAPP\Services\ToVGT.cs(249,52): warning VSTHRD002: Synchronously waiting on tasks or awaiters may cause deadlocks. Use await or JoinableTaskFactory.Run instead. (https://microsoft.github.io/vs-threading/analyzers/VSTHRD002.html) [D:\ItemBinding\MainAPP\MainAPP.csproj]
D:\ItemBinding\MainAPP\App.xaml.cs(342,13): warning VSTHRD110: Observe the awaitable result of this method call by awaiting it, assigning to a variable, or passing it to another method (https://microsoft.github.io/vs-threading/analyzers/VSTHRD110.html) [D:\ItemBinding\MainAPP\MainAPP.csproj]
D:\ItemBinding\MainAPP\ViewModels\MainViewModel.cs(165,33): warning VSTHRD001: Await JoinableTaskFactory.SwitchToMainThreadAsync() to switch to the UI thread instead of APIs that can deadlock or require specifying a priority (https://microsoft.github.io/vs-threading/analyzers/VSTHRD001.html) [D:\ItemBinding\MainAPP\MainAPP.csproj]
D:\ItemBinding\MainAPP\ViewModels\MainViewModel.cs(178,33): warning VSTHRD001: Await JoinableTaskFactory.SwitchToMainThreadAsync() to switch to the UI thread instead of APIs that can deadlock or require specifying a priority (https://microsoft.github.io/vs-threading/analyzers/VSTHRD001.html) [D:\ItemBinding\MainAPP\MainAPP.csproj]
D:\ItemBinding\MainAPP\ViewModels\MainViewModel.cs(165,21): warning VSTHRD110: Observe the awaitable result of this method call by awaiting it, assigning to a variable, or passing it to another method (https://microsoft.github.io/vs-threading/analyzers/VSTHRD110.html) [D:\ItemBinding\MainAPP\MainAPP.csproj]
D:\ItemBinding\MainAPP\ViewModels\MainViewModel.cs(178,21): warning VSTHRD110: Observe the awaitable result of this method call by awaiting it, assigning to a variable, or passing it to another method (https://microsoft.github.io/vs-threading/analyzers/VSTHRD110.html) [D:\ItemBinding\MainAPP\MainAPP.csproj]
D:\ItemBinding\MainAPP\Services\ToVGT.cs(352,37): warning VSTHRD103: Cancel synchronously blocks. Await CancelAsync instead. (https://microsoft.github.io/vs-threading/analyzers/VSTHRD103.html) [D:\ItemBinding\MainAPP\MainAPP.csproj]
D:\ItemBinding\MainAPP\Services\ToVGT.cs(244,56): warning VSTHRD103: Result synchronously blocks. Use await instead. (https://microsoft.github.io/vs-threading/analyzers/VSTHRD103.html) [D:\ItemBinding\MainAPP\MainAPP.csproj]
D:\ItemBinding\MainAPP\Services\ToVGT.cs(249,52): warning VSTHRD103: Result synchronously blocks. Use await instead. (https://microsoft.github.io/vs-threading/analyzers/VSTHRD103.html) [D:\ItemBinding\MainAPP\MainAPP.csproj]
D:\ItemBinding\MainAPP\Controls\ImageViewer.xaml.cs(274,32): warning VSTHRD001: Await JoinableTaskFactory.SwitchToMainThreadAsync() to switch to the UI thread instead of APIs that can deadlock or require specifying a priority (https://microsoft.github.io/vs-threading/analyzers/VSTHRD001.html) [D:\ItemBinding\MainAPP\MainAPP.csproj]
D:\ItemBinding\MainAPP\Controls\ImageViewer.xaml.cs(347,36): warning VSTHRD001: Await JoinableTaskFactory.SwitchToMainThreadAsync() to switch to the UI thread instead of APIs that can deadlock or require specifying a priority (https://microsoft.github.io/vs-threading/analyzers/VSTHRD001.html) [D:\ItemBinding\MainAPP\MainAPP.csproj]
D:\ItemBinding\MainAPP\Controls\ImageViewer.xaml.cs(311,32): warning VSTHRD001: Await JoinableTaskFactory.SwitchToMainThreadAsync() to switch to the UI thread instead of APIs that can deadlock or require specifying a priority (https://microsoft.github.io/vs-threading/analyzers/VSTHRD001.html) [D:\ItemBinding\MainAPP\MainAPP.csproj]
D:\ItemBinding\MainAPP\Controls\ImageViewer.xaml.cs(347,25): warning VSTHRD110: Observe the awaitable result of this method call by awaiting it, assigning to a variable, or passing it to another method (https://microsoft.github.io/vs-threading/analyzers/VSTHRD110.html) [D:\ItemBinding\MainAPP\MainAPP.csproj]
D:\ItemBinding\MainAPP\Controls\ImageViewer.xaml.cs(274,21): warning VSTHRD110: Observe the awaitable result of this method call by awaiting it, assigning to a variable, or passing it to another method (https://microsoft.github.io/vs-threading/analyzers/VSTHRD110.html) [D:\ItemBinding\MainAPP\MainAPP.csproj]
D:\ItemBinding\MainAPP\Controls\ImageViewer.xaml.cs(311,21): warning VSTHRD110: Observe the awaitable result of this method call by awaiting it, assigning to a variable, or passing it to another method (https://microsoft.github.io/vs-threading/analyzers/VSTHRD110.html) [D:\ItemBinding\MainAPP\MainAPP.csproj]
D:\ItemBinding\MainAPP\ViewModels\HomeViewModel.cs(471,28): warning VSTHRD001: Await JoinableTaskFactory.SwitchToMainThreadAsync() to switch to the UI thread instead of APIs that can deadlock or require specifying a priority (https://microsoft.github.io/vs-threading/analyzers/VSTHRD001.html) [D:\ItemBinding\MainAPP\MainAPP.csproj]
D:\ItemBinding\MainAPP\ViewModels\HomeViewModel.cs(471,17): warning VSTHRD110: Observe the awaitable result of this method call by awaiting it, assigning to a variable, or passing it to another method (https://microsoft.github.io/vs-threading/analyzers/VSTHRD110.html) [D:\ItemBinding\MainAPP\MainAPP.csproj]
D:\ItemBinding\MainAPP\Controls\ImageViewer.xaml.cs(360,28): warning VSTHRD100: Avoid "async void" methods, because any exceptions not handled by the method will crash the process (https://microsoft.github.io/vs-threading/analyzers/VSTHRD100.html) [D:\ItemBinding\MainAPP\MainAPP.csproj]
D:\ItemBinding\MainAPP\ViewModels\MainViewModel.cs(304,39): warning VSTHRD001: Await JoinableTaskFactory.SwitchToMainThreadAsync() to switch to the UI thread instead of APIs that can deadlock or require specifying a priority (https://microsoft.github.io/vs-threading/analyzers/VSTHRD001.html) [D:\ItemBinding\MainAPP\MainAPP.csproj]
D:\ItemBinding\MainAPP\ViewModels\MainViewModel.cs(356,39): warning VSTHRD001: Await JoinableTaskFactory.SwitchToMainThreadAsync() to switch to the UI thread instead of APIs that can deadlock or require specifying a priority (https://microsoft.github.io/vs-threading/analyzers/VSTHRD001.html) [D:\ItemBinding\MainAPP\MainAPP.csproj]
D:\ItemBinding\MainAPP\Views\LogView.xaml.cs(353,28): warning VSTHRD100: Avoid "async void" methods, because any exceptions not handled by the method will crash the process (https://microsoft.github.io/vs-threading/analyzers/VSTHRD100.html) [D:\ItemBinding\MainAPP\MainAPP.csproj]
D:\ItemBinding\MainAPP\ViewModels\RecipeViewModel.cs(319,61): warning VSTHRD001: Await JoinableTaskFactory.SwitchToMainThreadAsync() to switch to the UI thread instead of APIs that can deadlock or require specifying a priority (https://microsoft.github.io/vs-threading/analyzers/VSTHRD001.html) [D:\ItemBinding\MainAPP\MainAPP.csproj]
D:\ItemBinding\MainAPP\ViewModels\RecipeViewModel.cs(319,60): warning VSTHRD110: Observe the awaitable result of this method call by awaiting it, assigning to a variable, or passing it to another method (https://microsoft.github.io/vs-threading/analyzers/VSTHRD110.html) [D:\ItemBinding\MainAPP\MainAPP.csproj]
D:\ItemBinding\MainAPP\Views\DatabaseView.xaml.cs(22,28): warning VSTHRD100: Avoid "async void" methods, because any exceptions not handled by the method will crash the process (https://microsoft.github.io/vs-threading/analyzers/VSTHRD100.html) [D:\ItemBinding\MainAPP\MainAPP.csproj]
D:\ItemBinding\MainAPP\Views\LogView.xaml.cs(442,28): warning VSTHRD100: Avoid "async void" methods, because any exceptions not handled by the method will crash the process (https://microsoft.github.io/vs-threading/analyzers/VSTHRD100.html) [D:\ItemBinding\MainAPP\MainAPP.csproj]
D:\ItemBinding\MainAPP\Views\ChartsView.xaml.cs(157,28): warning VSTHRD100: Avoid "async void" methods, because any exceptions not handled by the method will crash the process (https://microsoft.github.io/vs-threading/analyzers/VSTHRD100.html) [D:\ItemBinding\MainAPP\MainAPP.csproj]
D:\ItemBinding\MainAPP\ViewModels\DatabaseViewModel.cs(538,74): warning VSTHRD001: Await JoinableTaskFactory.SwitchToMainThreadAsync() to switch to the UI thread instead of APIs that can deadlock or require specifying a priority (https://microsoft.github.io/vs-threading/analyzers/VSTHRD001.html) [D:\ItemBinding\MainAPP\MainAPP.csproj]
D:\ItemBinding\MainAPP\ViewModels\DatabaseViewModel.cs(552,69): warning VSTHRD001: Await JoinableTaskFactory.SwitchToMainThreadAsync() to switch to the UI thread instead of APIs that can deadlock or require specifying a priority (https://microsoft.github.io/vs-threading/analyzers/VSTHRD001.html) [D:\ItemBinding\MainAPP\MainAPP.csproj]
D:\ItemBinding\MainAPP\ViewModels\MainViewModel.cs(522,25): warning VSTHRD001: Await JoinableTaskFactory.SwitchToMainThreadAsync() to switch to the UI thread instead of APIs that can deadlock or require specifying a priority (https://microsoft.github.io/vs-threading/analyzers/VSTHRD001.html) [D:\ItemBinding\MainAPP\MainAPP.csproj]
D:\ItemBinding\MainAPP\ViewModels\MainViewModel.cs(522,13): warning VSTHRD110: Observe the awaitable result of this method call by awaiting it, assigning to a variable, or passing it to another method (https://microsoft.github.io/vs-threading/analyzers/VSTHRD110.html) [D:\ItemBinding\MainAPP\MainAPP.csproj]
D:\ItemBinding\MainAPP\ViewModels\MainViewModel.cs(544,25): warning VSTHRD001: Await JoinableTaskFactory.SwitchToMainThreadAsync() to switch to the UI thread instead of APIs that can deadlock or require specifying a priority (https://microsoft.github.io/vs-threading/analyzers/VSTHRD001.html) [D:\ItemBinding\MainAPP\MainAPP.csproj]
D:\ItemBinding\MainAPP\ViewModels\MainViewModel.cs(544,13): warning VSTHRD110: Observe the awaitable result of this method call by awaiting it, assigning to a variable, or passing it to another method (https://microsoft.github.io/vs-threading/analyzers/VSTHRD110.html) [D:\ItemBinding\MainAPP\MainAPP.csproj]
D:\ItemBinding\MainAPP\ViewModels\DatabaseViewModel.cs(603,74): warning VSTHRD001: Await JoinableTaskFactory.SwitchToMainThreadAsync() to switch to the UI thread instead of APIs that can deadlock or require specifying a priority (https://microsoft.github.io/vs-threading/analyzers/VSTHRD001.html) [D:\ItemBinding\MainAPP\MainAPP.csproj]
D:\ItemBinding\MainAPP\Views\LogView.xaml.cs(465,28): warning VSTHRD100: Avoid "async void" methods, because any exceptions not handled by the method will crash the process (https://microsoft.github.io/vs-threading/analyzers/VSTHRD100.html) [D:\ItemBinding\MainAPP\MainAPP.csproj]
D:\ItemBinding\MainAPP\ViewModels\MainViewModel.cs(558,29): warning VSTHRD001: Await JoinableTaskFactory.SwitchToMainThreadAsync() to switch to the UI thread instead of APIs that can deadlock or require specifying a priority (https://microsoft.github.io/vs-threading/analyzers/VSTHRD001.html) [D:\ItemBinding\MainAPP\MainAPP.csproj]
D:\ItemBinding\MainAPP\ViewModels\MainViewModel.cs(577,29): warning VSTHRD001: Await JoinableTaskFactory.SwitchToMainThreadAsync() to switch to the UI thread instead of APIs that can deadlock or require specifying a priority (https://microsoft.github.io/vs-threading/analyzers/VSTHRD001.html) [D:\ItemBinding\MainAPP\MainAPP.csproj]
D:\ItemBinding\MainAPP\ViewModels\MainViewModel.cs(558,17): warning VSTHRD110: Observe the awaitable result of this method call by awaiting it, assigning to a variable, or passing it to another method (https://microsoft.github.io/vs-threading/analyzers/VSTHRD110.html) [D:\ItemBinding\MainAPP\MainAPP.csproj]
D:\ItemBinding\MainAPP\ViewModels\MainViewModel.cs(577,17): warning VSTHRD110: Observe the awaitable result of this method call by awaiting it, assigning to a variable, or passing it to another method (https://microsoft.github.io/vs-threading/analyzers/VSTHRD110.html) [D:\ItemBinding\MainAPP\MainAPP.csproj]
D:\ItemBinding\MainAPP\ViewModels\DatabaseViewModel.cs(704,65): warning VSTHRD001: Await JoinableTaskFactory.SwitchToMainThreadAsync() to switch to the UI thread instead of APIs that can deadlock or require specifying a priority (https://microsoft.github.io/vs-threading/analyzers/VSTHRD001.html) [D:\ItemBinding\MainAPP\MainAPP.csproj]
D:\ItemBinding\MainAPP\ViewModels\RecipeManageViewModel.cs(116,73): warning VSTHRD001: Await JoinableTaskFactory.SwitchToMainThreadAsync() to switch to the UI thread instead of APIs that can deadlock or require specifying a priority (https://microsoft.github.io/vs-threading/analyzers/VSTHRD001.html) [D:\ItemBinding\MainAPP\MainAPP.csproj]
D:\ItemBinding\MainAPP\ViewModels\RecipeManageViewModel.cs(116,72): warning VSTHRD110: Observe the awaitable result of this method call by awaiting it, assigning to a variable, or passing it to another method (https://microsoft.github.io/vs-threading/analyzers/VSTHRD110.html) [D:\ItemBinding\MainAPP\MainAPP.csproj]
D:\ItemBinding\MainAPP\Views\LogView.xaml.cs(548,37): warning VSTHRD103: Result synchronously blocks. Use await instead. (https://microsoft.github.io/vs-threading/analyzers/VSTHRD103.html) [D:\ItemBinding\MainAPP\MainAPP.csproj]
D:\ItemBinding\MainAPP\Views\LogView.xaml.cs(557,43): warning VSTHRD103: Result synchronously blocks. Use await instead. (https://microsoft.github.io/vs-threading/analyzers/VSTHRD103.html) [D:\ItemBinding\MainAPP\MainAPP.csproj]
D:\ItemBinding\MainAPP\Views\LogView.xaml.cs(558,45): warning VSTHRD103: Result synchronously blocks. Use await instead. (https://microsoft.github.io/vs-threading/analyzers/VSTHRD103.html) [D:\ItemBinding\MainAPP\MainAPP.csproj]
D:\ItemBinding\MainAPP\Views\LogView.xaml.cs(559,44): warning VSTHRD103: Result synchronously blocks. Use await instead. (https://microsoft.github.io/vs-threading/analyzers/VSTHRD103.html) [D:\ItemBinding\MainAPP\MainAPP.csproj]
D:\ItemBinding\MainAPP\Views\LogView.xaml.cs(632,28): warning VSTHRD100: Avoid "async void" methods, because any exceptions not handled by the method will crash the process (https://microsoft.github.io/vs-threading/analyzers/VSTHRD100.html) [D:\ItemBinding\MainAPP\MainAPP.csproj]
D:\ItemBinding\MainAPP\Services\LogDatabaseService.cs(28,54): warning VSTHRD002: Synchronously waiting on tasks or awaiters may cause deadlocks. Use await or JoinableTaskFactory.Run instead. (https://microsoft.github.io/vs-threading/analyzers/VSTHRD002.html) [D:\ItemBinding\MainAPP\MainAPP.csproj]
D:\ItemBinding\MainAPP\Services\LogService.cs(176,40): warning VSTHRD001: Await JoinableTaskFactory.SwitchToMainThreadAsync() to switch to the UI thread instead of APIs that can deadlock or require specifying a priority (https://microsoft.github.io/vs-threading/analyzers/VSTHRD001.html) [D:\ItemBinding\MainAPP\MainAPP.csproj]
D:\ItemBinding\MainAPP\Services\LogService.cs(176,17): warning VSTHRD110: Observe the awaitable result of this method call by awaiting it, assigning to a variable, or passing it to another method (https://microsoft.github.io/vs-threading/analyzers/VSTHRD110.html) [D:\ItemBinding\MainAPP\MainAPP.csproj]
D:\ItemBinding\MainAPP\Services\LogService.cs(214,36): warning VSTHRD001: Await JoinableTaskFactory.SwitchToMainThreadAsync() to switch to the UI thread instead of APIs that can deadlock or require specifying a priority (https://microsoft.github.io/vs-threading/analyzers/VSTHRD001.html) [D:\ItemBinding\MainAPP\MainAPP.csproj]
D:\ItemBinding\MainAPP\Services\LogService.cs(214,13): warning VSTHRD110: Observe the awaitable result of this method call by awaiting it, assigning to a variable, or passing it to another method (https://microsoft.github.io/vs-threading/analyzers/VSTHRD110.html) [D:\ItemBinding\MainAPP\MainAPP.csproj]
D:\ItemBinding\MainAPP\Services\LogDatabaseService.cs(59,59): warning VSTHRD103: IsDBNull synchronously blocks. Await IsDBNullAsync instead. (https://microsoft.github.io/vs-threading/analyzers/VSTHRD103.html) [D:\ItemBinding\MainAPP\MainAPP.csproj]
D:\ItemBinding\MainAPP\Services\LogDatabaseService.cs(60,55): warning VSTHRD103: IsDBNull synchronously blocks. Await IsDBNullAsync instead. (https://microsoft.github.io/vs-threading/analyzers/VSTHRD103.html) [D:\ItemBinding\MainAPP\MainAPP.csproj]
D:\ItemBinding\MainAPP\Services\LogDatabaseService.cs(61,44): warning VSTHRD103: IsDBNull synchronously blocks. Await IsDBNullAsync instead. (https://microsoft.github.io/vs-threading/analyzers/VSTHRD103.html) [D:\ItemBinding\MainAPP\MainAPP.csproj]
D:\ItemBinding\MainAPP\Services\LogDatabaseService.cs(62,50): warning VSTHRD103: IsDBNull synchronously blocks. Await IsDBNullAsync instead. (https://microsoft.github.io/vs-threading/analyzers/VSTHRD103.html) [D:\ItemBinding\MainAPP\MainAPP.csproj]
D:\ItemBinding\MainAPP\Services\NotificationService.cs(42,28): warning VSTHRD001: Await JoinableTaskFactory.SwitchToMainThreadAsync() to switch to the UI thread instead of APIs that can deadlock or require specifying a priority (https://microsoft.github.io/vs-threading/analyzers/VSTHRD001.html) [D:\ItemBinding\MainAPP\MainAPP.csproj]
D:\ItemBinding\MainAPP\Services\NotificationService.cs(42,17): warning VSTHRD110: Observe the awaitable result of this method call by awaiting it, assigning to a variable, or passing it to another method (https://microsoft.github.io/vs-threading/analyzers/VSTHRD110.html) [D:\ItemBinding\MainAPP\MainAPP.csproj]
D:\ItemBinding\MainAPP\Services\LogDatabaseService.cs(63,45): warning VSTHRD103: IsDBNull synchronously blocks. Await IsDBNullAsync instead. (https://microsoft.github.io/vs-threading/analyzers/VSTHRD103.html) [D:\ItemBinding\MainAPP\MainAPP.csproj]
D:\ItemBinding\MainAPP\Services\LogDatabaseService.cs(234,43): warning VSTHRD002: Synchronously waiting on tasks or awaiters may cause deadlocks. Use await or JoinableTaskFactory.Run instead. (https://microsoft.github.io/vs-threading/analyzers/VSTHRD002.html) [D:\ItemBinding\MainAPP\MainAPP.csproj]
D:\ItemBinding\MainAPP\ViewModels\HomeViewModel.cs(1003,61): warning VSTHRD001: Await JoinableTaskFactory.SwitchToMainThreadAsync() to switch to the UI thread instead of APIs that can deadlock or require specifying a priority (https://microsoft.github.io/vs-threading/analyzers/VSTHRD001.html) [D:\ItemBinding\MainAPP\MainAPP.csproj]
D:\ItemBinding\MainAPP\ViewModels\HomeViewModel.cs(1003,60): warning VSTHRD110: Observe the awaitable result of this method call by awaiting it, assigning to a variable, or passing it to another method (https://microsoft.github.io/vs-threading/analyzers/VSTHRD110.html) [D:\ItemBinding\MainAPP\MainAPP.csproj]
D:\ItemBinding\MainAPP\ViewModels\RecipeViewModel.cs(757,30): warning VSTHRD103: Cancel synchronously blocks. Await CancelAsync instead. (https://microsoft.github.io/vs-threading/analyzers/VSTHRD103.html) [D:\ItemBinding\MainAPP\MainAPP.csproj]
D:\ItemBinding\MainAPP\Services\LogDatabaseService.cs(147,59): warning VSTHRD103: IsDBNull synchronously blocks. Await IsDBNullAsync instead. (https://microsoft.github.io/vs-threading/analyzers/VSTHRD103.html) [D:\ItemBinding\MainAPP\MainAPP.csproj]
D:\ItemBinding\MainAPP\Services\LogDatabaseService.cs(148,55): warning VSTHRD103: IsDBNull synchronously blocks. Await IsDBNullAsync instead. (https://microsoft.github.io/vs-threading/analyzers/VSTHRD103.html) [D:\ItemBinding\MainAPP\MainAPP.csproj]
D:\ItemBinding\MainAPP\Services\LogDatabaseService.cs(149,44): warning VSTHRD103: IsDBNull synchronously blocks. Await IsDBNullAsync instead. (https://microsoft.github.io/vs-threading/analyzers/VSTHRD103.html) [D:\ItemBinding\MainAPP\MainAPP.csproj]
D:\ItemBinding\MainAPP\Services\LogDatabaseService.cs(150,50): warning VSTHRD103: IsDBNull synchronously blocks. Await IsDBNullAsync instead. (https://microsoft.github.io/vs-threading/analyzers/VSTHRD103.html) [D:\ItemBinding\MainAPP\MainAPP.csproj]
D:\ItemBinding\MainAPP\Services\LogDatabaseService.cs(151,45): warning VSTHRD103: IsDBNull synchronously blocks. Await IsDBNullAsync instead. (https://microsoft.github.io/vs-threading/analyzers/VSTHRD103.html) [D:\ItemBinding\MainAPP\MainAPP.csproj]
D:\ItemBinding\MainAPP\ViewModels\HomeViewModel.cs(1403,90): warning VSTHRD002: Synchronously waiting on tasks or awaiters may cause deadlocks. Use await or JoinableTaskFactory.Run instead. (https://microsoft.github.io/vs-threading/analyzers/VSTHRD002.html) [D:\ItemBinding\MainAPP\MainAPP.csproj]
D:\ItemBinding\MainAPP\Views\ChartsView.xaml.cs(877,28): warning VSTHRD100: Avoid "async void" methods, because any exceptions not handled by the method will crash the process (https://microsoft.github.io/vs-threading/analyzers/VSTHRD100.html) [D:\ItemBinding\MainAPP\MainAPP.csproj]
D:\ItemBinding\MainAPP\ViewModels\RecipeViewModel.cs(1089,109): warning VSTHRD002: Synchronously waiting on tasks or awaiters may cause deadlocks. Use await or JoinableTaskFactory.Run instead. (https://microsoft.github.io/vs-threading/analyzers/VSTHRD002.html) [D:\ItemBinding\MainAPP\MainAPP.csproj]
D:\ItemBinding\MainAPP\ViewModels\RecipeViewModel.cs(1098,106): warning VSTHRD002: Synchronously waiting on tasks or awaiters may cause deadlocks. Use await or JoinableTaskFactory.Run instead. (https://microsoft.github.io/vs-threading/analyzers/VSTHRD002.html) [D:\ItemBinding\MainAPP\MainAPP.csproj]
D:\ItemBinding\MainAPP\ViewModels\RecipeViewModel.cs(1103,107): warning VSTHRD002: Synchronously waiting on tasks or awaiters may cause deadlocks. Use await or JoinableTaskFactory.Run instead. (https://microsoft.github.io/vs-threading/analyzers/VSTHRD002.html) [D:\ItemBinding\MainAPP\MainAPP.csproj]
D:\ItemBinding\MainAPP\ViewModels\RecipeViewModel.cs(1062,28): warning VSTHRD103: Cancel synchronously blocks. Await CancelAsync instead. (https://microsoft.github.io/vs-threading/analyzers/VSTHRD103.html) [D:\ItemBinding\MainAPP\MainAPP.csproj]
  MainAPP -> D:\ItemBinding\MainAPP\bin\Debug\net8.0-windows\MainAPP.dll

已成功生成。

D:\ItemBinding\MainAPP\App.xaml.cs(54,39): warning VSTHRD100: Avoid "async void" methods, because any exceptions not handled by the method will crash the process (https://microsoft.github.io/vs-threading/analyzers/VSTHRD100.html) [D:\ItemBinding\MainAPP\MainAPP_id2qvefw_wpftmp.csproj]
D:\ItemBinding\MainAPP\Devices\Scanners.cs(80,31): warning VSTHRD103: Connect synchronously blocks. Await ConnectAsync instead. (https://microsoft.github.io/vs-threading/analyzers/VSTHRD103.html) [D:\ItemBinding\MainAPP\MainAPP_id2qvefw_wpftmp.csproj]
D:\ItemBinding\MainAPP\App.xaml.cs(101,39): warning VSTHRD100: Avoid "async void" methods, because any exceptions not handled by the method will crash the process (https://microsoft.github.io/vs-threading/analyzers/VSTHRD100.html) [D:\ItemBinding\MainAPP\MainAPP_id2qvefw_wpftmp.csproj]
D:\ItemBinding\MainAPP\Views\RecipeWindow.xaml.cs(23,23): warning VSTHRD101: Avoid using async lambda for a void returning delegate type, because any exceptions not handled by the delegate will crash the process (https://microsoft.github.io/vs-threading/analyzers/VSTHRD101.html) [D:\ItemBinding\MainAPP\MainAPP_id2qvefw_wpftmp.csproj]
D:\ItemBinding\MainAPP\Views\RecipeWindow.xaml.cs(32,28): warning VSTHRD100: Avoid "async void" methods, because any exceptions not handled by the method will crash the process (https://microsoft.github.io/vs-threading/analyzers/VSTHRD100.html) [D:\ItemBinding\MainAPP\MainAPP_id2qvefw_wpftmp.csproj]
D:\ItemBinding\MainAPP\Controls\ImageViewer.xaml.cs(274,32): warning VSTHRD001: Await JoinableTaskFactory.SwitchToMainThreadAsync() to switch to the UI thread instead of APIs that can deadlock or require specifying a priority (https://microsoft.github.io/vs-threading/analyzers/VSTHRD001.html) [D:\ItemBinding\MainAPP\MainAPP_id2qvefw_wpftmp.csproj]
D:\ItemBinding\MainAPP\Controls\ImageViewer.xaml.cs(311,32): warning VSTHRD001: Await JoinableTaskFactory.SwitchToMainThreadAsync() to switch to the UI thread instead of APIs that can deadlock or require specifying a priority (https://microsoft.github.io/vs-threading/analyzers/VSTHRD001.html) [D:\ItemBinding\MainAPP\MainAPP_id2qvefw_wpftmp.csproj]
D:\ItemBinding\MainAPP\Controls\ImageViewer.xaml.cs(274,21): warning VSTHRD110: Observe the awaitable result of this method call by awaiting it, assigning to a variable, or passing it to another method (https://microsoft.github.io/vs-threading/analyzers/VSTHRD110.html) [D:\ItemBinding\MainAPP\MainAPP_id2qvefw_wpftmp.csproj]
D:\ItemBinding\MainAPP\Controls\ImageViewer.xaml.cs(311,21): warning VSTHRD110: Observe the awaitable result of this method call by awaiting it, assigning to a variable, or passing it to another method (https://microsoft.github.io/vs-threading/analyzers/VSTHRD110.html) [D:\ItemBinding\MainAPP\MainAPP_id2qvefw_wpftmp.csproj]
D:\ItemBinding\MainAPP\Services\ToVGT.cs(244,56): warning VSTHRD002: Synchronously waiting on tasks or awaiters may cause deadlocks. Use await or JoinableTaskFactory.Run instead. (https://microsoft.github.io/vs-threading/analyzers/VSTHRD002.html) [D:\ItemBinding\MainAPP\MainAPP_id2qvefw_wpftmp.csproj]
D:\ItemBinding\MainAPP\Services\ToVGT.cs(249,52): warning VSTHRD002: Synchronously waiting on tasks or awaiters may cause deadlocks. Use await or JoinableTaskFactory.Run instead. (https://microsoft.github.io/vs-threading/analyzers/VSTHRD002.html) [D:\ItemBinding\MainAPP\MainAPP_id2qvefw_wpftmp.csproj]
D:\ItemBinding\MainAPP\Controls\ImageViewer.xaml.cs(360,28): warning VSTHRD100: Avoid "async void" methods, because any exceptions not handled by the method will crash the process (https://microsoft.github.io/vs-threading/analyzers/VSTHRD100.html) [D:\ItemBinding\MainAPP\MainAPP_id2qvefw_wpftmp.csproj]
D:\ItemBinding\MainAPP\Controls\ImageViewer.xaml.cs(347,36): warning VSTHRD001: Await JoinableTaskFactory.SwitchToMainThreadAsync() to switch to the UI thread instead of APIs that can deadlock or require specifying a priority (https://microsoft.github.io/vs-threading/analyzers/VSTHRD001.html) [D:\ItemBinding\MainAPP\MainAPP_id2qvefw_wpftmp.csproj]
D:\ItemBinding\MainAPP\App.xaml.cs(342,13): warning VSTHRD110: Observe the awaitable result of this method call by awaiting it, assigning to a variable, or passing it to another method (https://microsoft.github.io/vs-threading/analyzers/VSTHRD110.html) [D:\ItemBinding\MainAPP\MainAPP_id2qvefw_wpftmp.csproj]
D:\ItemBinding\MainAPP\Controls\ImageViewer.xaml.cs(347,25): warning VSTHRD110: Observe the awaitable result of this method call by awaiting it, assigning to a variable, or passing it to another method (https://microsoft.github.io/vs-threading/analyzers/VSTHRD110.html) [D:\ItemBinding\MainAPP\MainAPP_id2qvefw_wpftmp.csproj]
D:\ItemBinding\MainAPP\Services\ToVGT.cs(352,37): warning VSTHRD103: Cancel synchronously blocks. Await CancelAsync instead. (https://microsoft.github.io/vs-threading/analyzers/VSTHRD103.html) [D:\ItemBinding\MainAPP\MainAPP_id2qvefw_wpftmp.csproj]
D:\ItemBinding\MainAPP\Services\ToVGT.cs(244,56): warning VSTHRD103: Result synchronously blocks. Use await instead. (https://microsoft.github.io/vs-threading/analyzers/VSTHRD103.html) [D:\ItemBinding\MainAPP\MainAPP_id2qvefw_wpftmp.csproj]
D:\ItemBinding\MainAPP\Services\ToVGT.cs(249,52): warning VSTHRD103: Result synchronously blocks. Use await instead. (https://microsoft.github.io/vs-threading/analyzers/VSTHRD103.html) [D:\ItemBinding\MainAPP\MainAPP_id2qvefw_wpftmp.csproj]
D:\ItemBinding\MainAPP\Services\LogDatabaseService.cs(28,54): warning VSTHRD002: Synchronously waiting on tasks or awaiters may cause deadlocks. Use await or JoinableTaskFactory.Run instead. (https://microsoft.github.io/vs-threading/analyzers/VSTHRD002.html) [D:\ItemBinding\MainAPP\MainAPP_id2qvefw_wpftmp.csproj]
D:\ItemBinding\MainAPP\ViewModels\MainViewModel.cs(165,33): warning VSTHRD001: Await JoinableTaskFactory.SwitchToMainThreadAsync() to switch to the UI thread instead of APIs that can deadlock or require specifying a priority (https://microsoft.github.io/vs-threading/analyzers/VSTHRD001.html) [D:\ItemBinding\MainAPP\MainAPP_id2qvefw_wpftmp.csproj]
D:\ItemBinding\MainAPP\ViewModels\MainViewModel.cs(178,33): warning VSTHRD001: Await JoinableTaskFactory.SwitchToMainThreadAsync() to switch to the UI thread instead of APIs that can deadlock or require specifying a priority (https://microsoft.github.io/vs-threading/analyzers/VSTHRD001.html) [D:\ItemBinding\MainAPP\MainAPP_id2qvefw_wpftmp.csproj]
D:\ItemBinding\MainAPP\ViewModels\MainViewModel.cs(165,21): warning VSTHRD110: Observe the awaitable result of this method call by awaiting it, assigning to a variable, or passing it to another method (https://microsoft.github.io/vs-threading/analyzers/VSTHRD110.html) [D:\ItemBinding\MainAPP\MainAPP_id2qvefw_wpftmp.csproj]
D:\ItemBinding\MainAPP\ViewModels\MainViewModel.cs(178,21): warning VSTHRD110: Observe the awaitable result of this method call by awaiting it, assigning to a variable, or passing it to another method (https://microsoft.github.io/vs-threading/analyzers/VSTHRD110.html) [D:\ItemBinding\MainAPP\MainAPP_id2qvefw_wpftmp.csproj]
D:\ItemBinding\MainAPP\Views\ChartsView.xaml.cs(157,28): warning VSTHRD100: Avoid "async void" methods, because any exceptions not handled by the method will crash the process (https://microsoft.github.io/vs-threading/analyzers/VSTHRD100.html) [D:\ItemBinding\MainAPP\MainAPP_id2qvefw_wpftmp.csproj]
D:\ItemBinding\MainAPP\Views\LogView.xaml.cs(353,28): warning VSTHRD100: Avoid "async void" methods, because any exceptions not handled by the method will crash the process (https://microsoft.github.io/vs-threading/analyzers/VSTHRD100.html) [D:\ItemBinding\MainAPP\MainAPP_id2qvefw_wpftmp.csproj]
D:\ItemBinding\MainAPP\Services\LogDatabaseService.cs(59,59): warning VSTHRD103: IsDBNull synchronously blocks. Await IsDBNullAsync instead. (https://microsoft.github.io/vs-threading/analyzers/VSTHRD103.html) [D:\ItemBinding\MainAPP\MainAPP_id2qvefw_wpftmp.csproj]
D:\ItemBinding\MainAPP\Services\LogDatabaseService.cs(60,55): warning VSTHRD103: IsDBNull synchronously blocks. Await IsDBNullAsync instead. (https://microsoft.github.io/vs-threading/analyzers/VSTHRD103.html) [D:\ItemBinding\MainAPP\MainAPP_id2qvefw_wpftmp.csproj]
D:\ItemBinding\MainAPP\Services\LogDatabaseService.cs(61,44): warning VSTHRD103: IsDBNull synchronously blocks. Await IsDBNullAsync instead. (https://microsoft.github.io/vs-threading/analyzers/VSTHRD103.html) [D:\ItemBinding\MainAPP\MainAPP_id2qvefw_wpftmp.csproj]
D:\ItemBinding\MainAPP\Services\LogDatabaseService.cs(62,50): warning VSTHRD103: IsDBNull synchronously blocks. Await IsDBNullAsync instead. (https://microsoft.github.io/vs-threading/analyzers/VSTHRD103.html) [D:\ItemBinding\MainAPP\MainAPP_id2qvefw_wpftmp.csproj]
D:\ItemBinding\MainAPP\Services\LogDatabaseService.cs(63,45): warning VSTHRD103: IsDBNull synchronously blocks. Await IsDBNullAsync instead. (https://microsoft.github.io/vs-threading/analyzers/VSTHRD103.html) [D:\ItemBinding\MainAPP\MainAPP_id2qvefw_wpftmp.csproj]
D:\ItemBinding\MainAPP\ViewModels\DatabaseViewModel.cs(538,74): warning VSTHRD001: Await JoinableTaskFactory.SwitchToMainThreadAsync() to switch to the UI thread instead of APIs that can deadlock or require specifying a priority (https://microsoft.github.io/vs-threading/analyzers/VSTHRD001.html) [D:\ItemBinding\MainAPP\MainAPP_id2qvefw_wpftmp.csproj]
D:\ItemBinding\MainAPP\ViewModels\DatabaseViewModel.cs(552,69): warning VSTHRD001: Await JoinableTaskFactory.SwitchToMainThreadAsync() to switch to the UI thread instead of APIs that can deadlock or require specifying a priority (https://microsoft.github.io/vs-threading/analyzers/VSTHRD001.html) [D:\ItemBinding\MainAPP\MainAPP_id2qvefw_wpftmp.csproj]
D:\ItemBinding\MainAPP\ViewModels\MainViewModel.cs(304,39): warning VSTHRD001: Await JoinableTaskFactory.SwitchToMainThreadAsync() to switch to the UI thread instead of APIs that can deadlock or require specifying a priority (https://microsoft.github.io/vs-threading/analyzers/VSTHRD001.html) [D:\ItemBinding\MainAPP\MainAPP_id2qvefw_wpftmp.csproj]
D:\ItemBinding\MainAPP\Views\LogView.xaml.cs(442,28): warning VSTHRD100: Avoid "async void" methods, because any exceptions not handled by the method will crash the process (https://microsoft.github.io/vs-threading/analyzers/VSTHRD100.html) [D:\ItemBinding\MainAPP\MainAPP_id2qvefw_wpftmp.csproj]
D:\ItemBinding\MainAPP\ViewModels\MainViewModel.cs(356,39): warning VSTHRD001: Await JoinableTaskFactory.SwitchToMainThreadAsync() to switch to the UI thread instead of APIs that can deadlock or require specifying a priority (https://microsoft.github.io/vs-threading/analyzers/VSTHRD001.html) [D:\ItemBinding\MainAPP\MainAPP_id2qvefw_wpftmp.csproj]
D:\ItemBinding\MainAPP\ViewModels\RecipeViewModel.cs(319,61): warning VSTHRD001: Await JoinableTaskFactory.SwitchToMainThreadAsync() to switch to the UI thread instead of APIs that can deadlock or require specifying a priority (https://microsoft.github.io/vs-threading/analyzers/VSTHRD001.html) [D:\ItemBinding\MainAPP\MainAPP_id2qvefw_wpftmp.csproj]
D:\ItemBinding\MainAPP\ViewModels\RecipeViewModel.cs(319,60): warning VSTHRD110: Observe the awaitable result of this method call by awaiting it, assigning to a variable, or passing it to another method (https://microsoft.github.io/vs-threading/analyzers/VSTHRD110.html) [D:\ItemBinding\MainAPP\MainAPP_id2qvefw_wpftmp.csproj]
D:\ItemBinding\MainAPP\Services\LogService.cs(176,40): warning VSTHRD001: Await JoinableTaskFactory.SwitchToMainThreadAsync() to switch to the UI thread instead of APIs that can deadlock or require specifying a priority (https://microsoft.github.io/vs-threading/analyzers/VSTHRD001.html) [D:\ItemBinding\MainAPP\MainAPP_id2qvefw_wpftmp.csproj]
D:\ItemBinding\MainAPP\Services\LogService.cs(176,17): warning VSTHRD110: Observe the awaitable result of this method call by awaiting it, assigning to a variable, or passing it to another method (https://microsoft.github.io/vs-threading/analyzers/VSTHRD110.html) [D:\ItemBinding\MainAPP\MainAPP_id2qvefw_wpftmp.csproj]
D:\ItemBinding\MainAPP\Views\LogView.xaml.cs(465,28): warning VSTHRD100: Avoid "async void" methods, because any exceptions not handled by the method will crash the process (https://microsoft.github.io/vs-threading/analyzers/VSTHRD100.html) [D:\ItemBinding\MainAPP\MainAPP_id2qvefw_wpftmp.csproj]
D:\ItemBinding\MainAPP\Services\LogService.cs(214,36): warning VSTHRD001: Await JoinableTaskFactory.SwitchToMainThreadAsync() to switch to the UI thread instead of APIs that can deadlock or require specifying a priority (https://microsoft.github.io/vs-threading/analyzers/VSTHRD001.html) [D:\ItemBinding\MainAPP\MainAPP_id2qvefw_wpftmp.csproj]
D:\ItemBinding\MainAPP\Services\LogService.cs(214,13): warning VSTHRD110: Observe the awaitable result of this method call by awaiting it, assigning to a variable, or passing it to another method (https://microsoft.github.io/vs-threading/analyzers/VSTHRD110.html) [D:\ItemBinding\MainAPP\MainAPP_id2qvefw_wpftmp.csproj]
D:\ItemBinding\MainAPP\Services\LogDatabaseService.cs(234,43): warning VSTHRD002: Synchronously waiting on tasks or awaiters may cause deadlocks. Use await or JoinableTaskFactory.Run instead. (https://microsoft.github.io/vs-threading/analyzers/VSTHRD002.html) [D:\ItemBinding\MainAPP\MainAPP_id2qvefw_wpftmp.csproj]
D:\ItemBinding\MainAPP\ViewModels\DatabaseViewModel.cs(603,74): warning VSTHRD001: Await JoinableTaskFactory.SwitchToMainThreadAsync() to switch to the UI thread instead of APIs that can deadlock or require specifying a priority (https://microsoft.github.io/vs-threading/analyzers/VSTHRD001.html) [D:\ItemBinding\MainAPP\MainAPP_id2qvefw_wpftmp.csproj]
D:\ItemBinding\MainAPP\ViewModels\HomeViewModel.cs(471,28): warning VSTHRD001: Await JoinableTaskFactory.SwitchToMainThreadAsync() to switch to the UI thread instead of APIs that can deadlock or require specifying a priority (https://microsoft.github.io/vs-threading/analyzers/VSTHRD001.html) [D:\ItemBinding\MainAPP\MainAPP_id2qvefw_wpftmp.csproj]
D:\ItemBinding\MainAPP\ViewModels\HomeViewModel.cs(471,17): warning VSTHRD110: Observe the awaitable result of this method call by awaiting it, assigning to a variable, or passing it to another method (https://microsoft.github.io/vs-threading/analyzers/VSTHRD110.html) [D:\ItemBinding\MainAPP\MainAPP_id2qvefw_wpftmp.csproj]
D:\ItemBinding\MainAPP\ViewModels\DatabaseViewModel.cs(704,65): warning VSTHRD001: Await JoinableTaskFactory.SwitchToMainThreadAsync() to switch to the UI thread instead of APIs that can deadlock or require specifying a priority (https://microsoft.github.io/vs-threading/analyzers/VSTHRD001.html) [D:\ItemBinding\MainAPP\MainAPP_id2qvefw_wpftmp.csproj]
D:\ItemBinding\MainAPP\Views\LogView.xaml.cs(632,28): warning VSTHRD100: Avoid "async void" methods, because any exceptions not handled by the method will crash the process (https://microsoft.github.io/vs-threading/analyzers/VSTHRD100.html) [D:\ItemBinding\MainAPP\MainAPP_id2qvefw_wpftmp.csproj]
D:\ItemBinding\MainAPP\Services\LogDatabaseService.cs(147,59): warning VSTHRD103: IsDBNull synchronously blocks. Await IsDBNullAsync instead. (https://microsoft.github.io/vs-threading/analyzers/VSTHRD103.html) [D:\ItemBinding\MainAPP\MainAPP_id2qvefw_wpftmp.csproj]
D:\ItemBinding\MainAPP\Views\LogView.xaml.cs(548,37): warning VSTHRD103: Result synchronously blocks. Use await instead. (https://microsoft.github.io/vs-threading/analyzers/VSTHRD103.html) [D:\ItemBinding\MainAPP\MainAPP_id2qvefw_wpftmp.csproj]
D:\ItemBinding\MainAPP\Services\LogDatabaseService.cs(148,55): warning VSTHRD103: IsDBNull synchronously blocks. Await IsDBNullAsync instead. (https://microsoft.github.io/vs-threading/analyzers/VSTHRD103.html) [D:\ItemBinding\MainAPP\MainAPP_id2qvefw_wpftmp.csproj]
D:\ItemBinding\MainAPP\Views\LogView.xaml.cs(557,43): warning VSTHRD103: Result synchronously blocks. Use await instead. (https://microsoft.github.io/vs-threading/analyzers/VSTHRD103.html) [D:\ItemBinding\MainAPP\MainAPP_id2qvefw_wpftmp.csproj]
D:\ItemBinding\MainAPP\Views\LogView.xaml.cs(558,45): warning VSTHRD103: Result synchronously blocks. Use await instead. (https://microsoft.github.io/vs-threading/analyzers/VSTHRD103.html) [D:\ItemBinding\MainAPP\MainAPP_id2qvefw_wpftmp.csproj]
D:\ItemBinding\MainAPP\Views\LogView.xaml.cs(559,44): warning VSTHRD103: Result synchronously blocks. Use await instead. (https://microsoft.github.io/vs-threading/analyzers/VSTHRD103.html) [D:\ItemBinding\MainAPP\MainAPP_id2qvefw_wpftmp.csproj]
D:\ItemBinding\MainAPP\Services\LogDatabaseService.cs(149,44): warning VSTHRD103: IsDBNull synchronously blocks. Await IsDBNullAsync instead. (https://microsoft.github.io/vs-threading/analyzers/VSTHRD103.html) [D:\ItemBinding\MainAPP\MainAPP_id2qvefw_wpftmp.csproj]
D:\ItemBinding\MainAPP\ViewModels\MainViewModel.cs(522,25): warning VSTHRD001: Await JoinableTaskFactory.SwitchToMainThreadAsync() to switch to the UI thread instead of APIs that can deadlock or require specifying a priority (https://microsoft.github.io/vs-threading/analyzers/VSTHRD001.html) [D:\ItemBinding\MainAPP\MainAPP_id2qvefw_wpftmp.csproj]
D:\ItemBinding\MainAPP\ViewModels\MainViewModel.cs(522,13): warning VSTHRD110: Observe the awaitable result of this method call by awaiting it, assigning to a variable, or passing it to another method (https://microsoft.github.io/vs-threading/analyzers/VSTHRD110.html) [D:\ItemBinding\MainAPP\MainAPP_id2qvefw_wpftmp.csproj]
D:\ItemBinding\MainAPP\Services\LogDatabaseService.cs(150,50): warning VSTHRD103: IsDBNull synchronously blocks. Await IsDBNullAsync instead. (https://microsoft.github.io/vs-threading/analyzers/VSTHRD103.html) [D:\ItemBinding\MainAPP\MainAPP_id2qvefw_wpftmp.csproj]
D:\ItemBinding\MainAPP\Services\LogDatabaseService.cs(151,45): warning VSTHRD103: IsDBNull synchronously blocks. Await IsDBNullAsync instead. (https://microsoft.github.io/vs-threading/analyzers/VSTHRD103.html) [D:\ItemBinding\MainAPP\MainAPP_id2qvefw_wpftmp.csproj]
D:\ItemBinding\MainAPP\ViewModels\MainViewModel.cs(544,25): warning VSTHRD001: Await JoinableTaskFactory.SwitchToMainThreadAsync() to switch to the UI thread instead of APIs that can deadlock or require specifying a priority (https://microsoft.github.io/vs-threading/analyzers/VSTHRD001.html) [D:\ItemBinding\MainAPP\MainAPP_id2qvefw_wpftmp.csproj]
D:\ItemBinding\MainAPP\ViewModels\MainViewModel.cs(544,13): warning VSTHRD110: Observe the awaitable result of this method call by awaiting it, assigning to a variable, or passing it to another method (https://microsoft.github.io/vs-threading/analyzers/VSTHRD110.html) [D:\ItemBinding\MainAPP\MainAPP_id2qvefw_wpftmp.csproj]
D:\ItemBinding\MainAPP\ViewModels\RecipeManageViewModel.cs(116,73): warning VSTHRD001: Await JoinableTaskFactory.SwitchToMainThreadAsync() to switch to the UI thread instead of APIs that can deadlock or require specifying a priority (https://microsoft.github.io/vs-threading/analyzers/VSTHRD001.html) [D:\ItemBinding\MainAPP\MainAPP_id2qvefw_wpftmp.csproj]
D:\ItemBinding\MainAPP\ViewModels\RecipeManageViewModel.cs(116,72): warning VSTHRD110: Observe the awaitable result of this method call by awaiting it, assigning to a variable, or passing it to another method (https://microsoft.github.io/vs-threading/analyzers/VSTHRD110.html) [D:\ItemBinding\MainAPP\MainAPP_id2qvefw_wpftmp.csproj]
D:\ItemBinding\MainAPP\ViewModels\MainViewModel.cs(558,29): warning VSTHRD001: Await JoinableTaskFactory.SwitchToMainThreadAsync() to switch to the UI thread instead of APIs that can deadlock or require specifying a priority (https://microsoft.github.io/vs-threading/analyzers/VSTHRD001.html) [D:\ItemBinding\MainAPP\MainAPP_id2qvefw_wpftmp.csproj]
D:\ItemBinding\MainAPP\ViewModels\MainViewModel.cs(577,29): warning VSTHRD001: Await JoinableTaskFactory.SwitchToMainThreadAsync() to switch to the UI thread instead of APIs that can deadlock or require specifying a priority (https://microsoft.github.io/vs-threading/analyzers/VSTHRD001.html) [D:\ItemBinding\MainAPP\MainAPP_id2qvefw_wpftmp.csproj]
D:\ItemBinding\MainAPP\ViewModels\MainViewModel.cs(558,17): warning VSTHRD110: Observe the awaitable result of this method call by awaiting it, assigning to a variable, or passing it to another method (https://microsoft.github.io/vs-threading/analyzers/VSTHRD110.html) [D:\ItemBinding\MainAPP\MainAPP_id2qvefw_wpftmp.csproj]
D:\ItemBinding\MainAPP\ViewModels\MainViewModel.cs(577,17): warning VSTHRD110: Observe the awaitable result of this method call by awaiting it, assigning to a variable, or passing it to another method (https://microsoft.github.io/vs-threading/analyzers/VSTHRD110.html) [D:\ItemBinding\MainAPP\MainAPP_id2qvefw_wpftmp.csproj]
D:\ItemBinding\MainAPP\Services\NotificationService.cs(42,28): warning VSTHRD001: Await JoinableTaskFactory.SwitchToMainThreadAsync() to switch to the UI thread instead of APIs that can deadlock or require specifying a priority (https://microsoft.github.io/vs-threading/analyzers/VSTHRD001.html) [D:\ItemBinding\MainAPP\MainAPP_id2qvefw_wpftmp.csproj]
D:\ItemBinding\MainAPP\Services\NotificationService.cs(42,17): warning VSTHRD110: Observe the awaitable result of this method call by awaiting it, assigning to a variable, or passing it to another method (https://microsoft.github.io/vs-threading/analyzers/VSTHRD110.html) [D:\ItemBinding\MainAPP\MainAPP_id2qvefw_wpftmp.csproj]
D:\ItemBinding\MainAPP\Views\DatabaseView.xaml.cs(22,28): warning VSTHRD100: Avoid "async void" methods, because any exceptions not handled by the method will crash the process (https://microsoft.github.io/vs-threading/analyzers/VSTHRD100.html) [D:\ItemBinding\MainAPP\MainAPP_id2qvefw_wpftmp.csproj]
D:\ItemBinding\MainAPP\ViewModels\RecipeViewModel.cs(757,30): warning VSTHRD103: Cancel synchronously blocks. Await CancelAsync instead. (https://microsoft.github.io/vs-threading/analyzers/VSTHRD103.html) [D:\ItemBinding\MainAPP\MainAPP_id2qvefw_wpftmp.csproj]
D:\ItemBinding\MainAPP\ViewModels\HomeViewModel.cs(1003,61): warning VSTHRD001: Await JoinableTaskFactory.SwitchToMainThreadAsync() to switch to the UI thread instead of APIs that can deadlock or require specifying a priority (https://microsoft.github.io/vs-threading/analyzers/VSTHRD001.html) [D:\ItemBinding\MainAPP\MainAPP_id2qvefw_wpftmp.csproj]
D:\ItemBinding\MainAPP\ViewModels\HomeViewModel.cs(1003,60): warning VSTHRD110: Observe the awaitable result of this method call by awaiting it, assigning to a variable, or passing it to another method (https://microsoft.github.io/vs-threading/analyzers/VSTHRD110.html) [D:\ItemBinding\MainAPP\MainAPP_id2qvefw_wpftmp.csproj]
D:\ItemBinding\MainAPP\Views\ChartsView.xaml.cs(877,28): warning VSTHRD100: Avoid "async void" methods, because any exceptions not handled by the method will crash the process (https://microsoft.github.io/vs-threading/analyzers/VSTHRD100.html) [D:\ItemBinding\MainAPP\MainAPP_id2qvefw_wpftmp.csproj]
D:\ItemBinding\MainAPP\ViewModels\HomeViewModel.cs(1403,90): warning VSTHRD002: Synchronously waiting on tasks or awaiters may cause deadlocks. Use await or JoinableTaskFactory.Run instead. (https://microsoft.github.io/vs-threading/analyzers/VSTHRD002.html) [D:\ItemBinding\MainAPP\MainAPP_id2qvefw_wpftmp.csproj]
D:\ItemBinding\MainAPP\ViewModels\RecipeViewModel.cs(1089,109): warning VSTHRD002: Synchronously waiting on tasks or awaiters may cause deadlocks. Use await or JoinableTaskFactory.Run instead. (https://microsoft.github.io/vs-threading/analyzers/VSTHRD002.html) [D:\ItemBinding\MainAPP\MainAPP_id2qvefw_wpftmp.csproj]
D:\ItemBinding\MainAPP\ViewModels\RecipeViewModel.cs(1098,106): warning VSTHRD002: Synchronously waiting on tasks or awaiters may cause deadlocks. Use await or JoinableTaskFactory.Run instead. (https://microsoft.github.io/vs-threading/analyzers/VSTHRD002.html) [D:\ItemBinding\MainAPP\MainAPP_id2qvefw_wpftmp.csproj]
D:\ItemBinding\MainAPP\ViewModels\RecipeViewModel.cs(1103,107): warning VSTHRD002: Synchronously waiting on tasks or awaiters may cause deadlocks. Use await or JoinableTaskFactory.Run instead. (https://microsoft.github.io/vs-threading/analyzers/VSTHRD002.html) [D:\ItemBinding\MainAPP\MainAPP_id2qvefw_wpftmp.csproj]
D:\ItemBinding\MainAPP\ViewModels\RecipeViewModel.cs(1062,28): warning VSTHRD103: Cancel synchronously blocks. Await CancelAsync instead. (https://microsoft.github.io/vs-threading/analyzers/VSTHRD103.html) [D:\ItemBinding\MainAPP\MainAPP_id2qvefw_wpftmp.csproj]
D:\ItemBinding\MainAPP\App.xaml.cs(54,39): warning VSTHRD100: Avoid "async void" methods, because any exceptions not handled by the method will crash the process (https://microsoft.github.io/vs-threading/analyzers/VSTHRD100.html) [D:\ItemBinding\MainAPP\MainAPP.csproj]
D:\ItemBinding\MainAPP\Devices\Scanners.cs(80,31): warning VSTHRD103: Connect synchronously blocks. Await ConnectAsync instead. (https://microsoft.github.io/vs-threading/analyzers/VSTHRD103.html) [D:\ItemBinding\MainAPP\MainAPP.csproj]
D:\ItemBinding\MainAPP\Views\RecipeWindow.xaml.cs(23,23): warning VSTHRD101: Avoid using async lambda for a void returning delegate type, because any exceptions not handled by the delegate will crash the process (https://microsoft.github.io/vs-threading/analyzers/VSTHRD101.html) [D:\ItemBinding\MainAPP\MainAPP.csproj]
D:\ItemBinding\MainAPP\App.xaml.cs(101,39): warning VSTHRD100: Avoid "async void" methods, because any exceptions not handled by the method will crash the process (https://microsoft.github.io/vs-threading/analyzers/VSTHRD100.html) [D:\ItemBinding\MainAPP\MainAPP.csproj]
D:\ItemBinding\MainAPP\Views\RecipeWindow.xaml.cs(32,28): warning VSTHRD100: Avoid "async void" methods, because any exceptions not handled by the method will crash the process (https://microsoft.github.io/vs-threading/analyzers/VSTHRD100.html) [D:\ItemBinding\MainAPP\MainAPP.csproj]
D:\ItemBinding\MainAPP\Services\ToVGT.cs(244,56): warning VSTHRD002: Synchronously waiting on tasks or awaiters may cause deadlocks. Use await or JoinableTaskFactory.Run instead. (https://microsoft.github.io/vs-threading/analyzers/VSTHRD002.html) [D:\ItemBinding\MainAPP\MainAPP.csproj]
D:\ItemBinding\MainAPP\Services\ToVGT.cs(249,52): warning VSTHRD002: Synchronously waiting on tasks or awaiters may cause deadlocks. Use await or JoinableTaskFactory.Run instead. (https://microsoft.github.io/vs-threading/analyzers/VSTHRD002.html) [D:\ItemBinding\MainAPP\MainAPP.csproj]
D:\ItemBinding\MainAPP\App.xaml.cs(342,13): warning VSTHRD110: Observe the awaitable result of this method call by awaiting it, assigning to a variable, or passing it to another method (https://microsoft.github.io/vs-threading/analyzers/VSTHRD110.html) [D:\ItemBinding\MainAPP\MainAPP.csproj]
D:\ItemBinding\MainAPP\ViewModels\MainViewModel.cs(165,33): warning VSTHRD001: Await JoinableTaskFactory.SwitchToMainThreadAsync() to switch to the UI thread instead of APIs that can deadlock or require specifying a priority (https://microsoft.github.io/vs-threading/analyzers/VSTHRD001.html) [D:\ItemBinding\MainAPP\MainAPP.csproj]
D:\ItemBinding\MainAPP\ViewModels\MainViewModel.cs(178,33): warning VSTHRD001: Await JoinableTaskFactory.SwitchToMainThreadAsync() to switch to the UI thread instead of APIs that can deadlock or require specifying a priority (https://microsoft.github.io/vs-threading/analyzers/VSTHRD001.html) [D:\ItemBinding\MainAPP\MainAPP.csproj]
D:\ItemBinding\MainAPP\ViewModels\MainViewModel.cs(165,21): warning VSTHRD110: Observe the awaitable result of this method call by awaiting it, assigning to a variable, or passing it to another method (https://microsoft.github.io/vs-threading/analyzers/VSTHRD110.html) [D:\ItemBinding\MainAPP\MainAPP.csproj]
D:\ItemBinding\MainAPP\ViewModels\MainViewModel.cs(178,21): warning VSTHRD110: Observe the awaitable result of this method call by awaiting it, assigning to a variable, or passing it to another method (https://microsoft.github.io/vs-threading/analyzers/VSTHRD110.html) [D:\ItemBinding\MainAPP\MainAPP.csproj]
D:\ItemBinding\MainAPP\Services\ToVGT.cs(352,37): warning VSTHRD103: Cancel synchronously blocks. Await CancelAsync instead. (https://microsoft.github.io/vs-threading/analyzers/VSTHRD103.html) [D:\ItemBinding\MainAPP\MainAPP.csproj]
D:\ItemBinding\MainAPP\Services\ToVGT.cs(244,56): warning VSTHRD103: Result synchronously blocks. Use await instead. (https://microsoft.github.io/vs-threading/analyzers/VSTHRD103.html) [D:\ItemBinding\MainAPP\MainAPP.csproj]
D:\ItemBinding\MainAPP\Services\ToVGT.cs(249,52): warning VSTHRD103: Result synchronously blocks. Use await instead. (https://microsoft.github.io/vs-threading/analyzers/VSTHRD103.html) [D:\ItemBinding\MainAPP\MainAPP.csproj]
D:\ItemBinding\MainAPP\Controls\ImageViewer.xaml.cs(274,32): warning VSTHRD001: Await JoinableTaskFactory.SwitchToMainThreadAsync() to switch to the UI thread instead of APIs that can deadlock or require specifying a priority (https://microsoft.github.io/vs-threading/analyzers/VSTHRD001.html) [D:\ItemBinding\MainAPP\MainAPP.csproj]
D:\ItemBinding\MainAPP\Controls\ImageViewer.xaml.cs(347,36): warning VSTHRD001: Await JoinableTaskFactory.SwitchToMainThreadAsync() to switch to the UI thread instead of APIs that can deadlock or require specifying a priority (https://microsoft.github.io/vs-threading/analyzers/VSTHRD001.html) [D:\ItemBinding\MainAPP\MainAPP.csproj]
D:\ItemBinding\MainAPP\Controls\ImageViewer.xaml.cs(311,32): warning VSTHRD001: Await JoinableTaskFactory.SwitchToMainThreadAsync() to switch to the UI thread instead of APIs that can deadlock or require specifying a priority (https://microsoft.github.io/vs-threading/analyzers/VSTHRD001.html) [D:\ItemBinding\MainAPP\MainAPP.csproj]
D:\ItemBinding\MainAPP\Controls\ImageViewer.xaml.cs(347,25): warning VSTHRD110: Observe the awaitable result of this method call by awaiting it, assigning to a variable, or passing it to another method (https://microsoft.github.io/vs-threading/analyzers/VSTHRD110.html) [D:\ItemBinding\MainAPP\MainAPP.csproj]
D:\ItemBinding\MainAPP\Controls\ImageViewer.xaml.cs(274,21): warning VSTHRD110: Observe the awaitable result of this method call by awaiting it, assigning to a variable, or passing it to another method (https://microsoft.github.io/vs-threading/analyzers/VSTHRD110.html) [D:\ItemBinding\MainAPP\MainAPP.csproj]
D:\ItemBinding\MainAPP\Controls\ImageViewer.xaml.cs(311,21): warning VSTHRD110: Observe the awaitable result of this method call by awaiting it, assigning to a variable, or passing it to another method (https://microsoft.github.io/vs-threading/analyzers/VSTHRD110.html) [D:\ItemBinding\MainAPP\MainAPP.csproj]
D:\ItemBinding\MainAPP\ViewModels\HomeViewModel.cs(471,28): warning VSTHRD001: Await JoinableTaskFactory.SwitchToMainThreadAsync() to switch to the UI thread instead of APIs that can deadlock or require specifying a priority (https://microsoft.github.io/vs-threading/analyzers/VSTHRD001.html) [D:\ItemBinding\MainAPP\MainAPP.csproj]
D:\ItemBinding\MainAPP\ViewModels\HomeViewModel.cs(471,17): warning VSTHRD110: Observe the awaitable result of this method call by awaiting it, assigning to a variable, or passing it to another method (https://microsoft.github.io/vs-threading/analyzers/VSTHRD110.html) [D:\ItemBinding\MainAPP\MainAPP.csproj]
D:\ItemBinding\MainAPP\Controls\ImageViewer.xaml.cs(360,28): warning VSTHRD100: Avoid "async void" methods, because any exceptions not handled by the method will crash the process (https://microsoft.github.io/vs-threading/analyzers/VSTHRD100.html) [D:\ItemBinding\MainAPP\MainAPP.csproj]
D:\ItemBinding\MainAPP\ViewModels\MainViewModel.cs(304,39): warning VSTHRD001: Await JoinableTaskFactory.SwitchToMainThreadAsync() to switch to the UI thread instead of APIs that can deadlock or require specifying a priority (https://microsoft.github.io/vs-threading/analyzers/VSTHRD001.html) [D:\ItemBinding\MainAPP\MainAPP.csproj]
D:\ItemBinding\MainAPP\ViewModels\MainViewModel.cs(356,39): warning VSTHRD001: Await JoinableTaskFactory.SwitchToMainThreadAsync() to switch to the UI thread instead of APIs that can deadlock or require specifying a priority (https://microsoft.github.io/vs-threading/analyzers/VSTHRD001.html) [D:\ItemBinding\MainAPP\MainAPP.csproj]
D:\ItemBinding\MainAPP\Views\LogView.xaml.cs(353,28): warning VSTHRD100: Avoid "async void" methods, because any exceptions not handled by the method will crash the process (https://microsoft.github.io/vs-threading/analyzers/VSTHRD100.html) [D:\ItemBinding\MainAPP\MainAPP.csproj]
D:\ItemBinding\MainAPP\ViewModels\RecipeViewModel.cs(319,61): warning VSTHRD001: Await JoinableTaskFactory.SwitchToMainThreadAsync() to switch to the UI thread instead of APIs that can deadlock or require specifying a priority (https://microsoft.github.io/vs-threading/analyzers/VSTHRD001.html) [D:\ItemBinding\MainAPP\MainAPP.csproj]
D:\ItemBinding\MainAPP\ViewModels\RecipeViewModel.cs(319,60): warning VSTHRD110: Observe the awaitable result of this method call by awaiting it, assigning to a variable, or passing it to another method (https://microsoft.github.io/vs-threading/analyzers/VSTHRD110.html) [D:\ItemBinding\MainAPP\MainAPP.csproj]
D:\ItemBinding\MainAPP\Views\DatabaseView.xaml.cs(22,28): warning VSTHRD100: Avoid "async void" methods, because any exceptions not handled by the method will crash the process (https://microsoft.github.io/vs-threading/analyzers/VSTHRD100.html) [D:\ItemBinding\MainAPP\MainAPP.csproj]
D:\ItemBinding\MainAPP\Views\LogView.xaml.cs(442,28): warning VSTHRD100: Avoid "async void" methods, because any exceptions not handled by the method will crash the process (https://microsoft.github.io/vs-threading/analyzers/VSTHRD100.html) [D:\ItemBinding\MainAPP\MainAPP.csproj]
D:\ItemBinding\MainAPP\Views\ChartsView.xaml.cs(157,28): warning VSTHRD100: Avoid "async void" methods, because any exceptions not handled by the method will crash the process (https://microsoft.github.io/vs-threading/analyzers/VSTHRD100.html) [D:\ItemBinding\MainAPP\MainAPP.csproj]
D:\ItemBinding\MainAPP\ViewModels\DatabaseViewModel.cs(538,74): warning VSTHRD001: Await JoinableTaskFactory.SwitchToMainThreadAsync() to switch to the UI thread instead of APIs that can deadlock or require specifying a priority (https://microsoft.github.io/vs-threading/analyzers/VSTHRD001.html) [D:\ItemBinding\MainAPP\MainAPP.csproj]
D:\ItemBinding\MainAPP\ViewModels\DatabaseViewModel.cs(552,69): warning VSTHRD001: Await JoinableTaskFactory.SwitchToMainThreadAsync() to switch to the UI thread instead of APIs that can deadlock or require specifying a priority (https://microsoft.github.io/vs-threading/analyzers/VSTHRD001.html) [D:\ItemBinding\MainAPP\MainAPP.csproj]
D:\ItemBinding\MainAPP\ViewModels\MainViewModel.cs(522,25): warning VSTHRD001: Await JoinableTaskFactory.SwitchToMainThreadAsync() to switch to the UI thread instead of APIs that can deadlock or require specifying a priority (https://microsoft.github.io/vs-threading/analyzers/VSTHRD001.html) [D:\ItemBinding\MainAPP\MainAPP.csproj]
D:\ItemBinding\MainAPP\ViewModels\MainViewModel.cs(522,13): warning VSTHRD110: Observe the awaitable result of this method call by awaiting it, assigning to a variable, or passing it to another method (https://microsoft.github.io/vs-threading/analyzers/VSTHRD110.html) [D:\ItemBinding\MainAPP\MainAPP.csproj]
D:\ItemBinding\MainAPP\ViewModels\MainViewModel.cs(544,25): warning VSTHRD001: Await JoinableTaskFactory.SwitchToMainThreadAsync() to switch to the UI thread instead of APIs that can deadlock or require specifying a priority (https://microsoft.github.io/vs-threading/analyzers/VSTHRD001.html) [D:\ItemBinding\MainAPP\MainAPP.csproj]
D:\ItemBinding\MainAPP\ViewModels\MainViewModel.cs(544,13): warning VSTHRD110: Observe the awaitable result of this method call by awaiting it, assigning to a variable, or passing it to another method (https://microsoft.github.io/vs-threading/analyzers/VSTHRD110.html) [D:\ItemBinding\MainAPP\MainAPP.csproj]
D:\ItemBinding\MainAPP\ViewModels\DatabaseViewModel.cs(603,74): warning VSTHRD001: Await JoinableTaskFactory.SwitchToMainThreadAsync() to switch to the UI thread instead of APIs that can deadlock or require specifying a priority (https://microsoft.github.io/vs-threading/analyzers/VSTHRD001.html) [D:\ItemBinding\MainAPP\MainAPP.csproj]
D:\ItemBinding\MainAPP\Views\LogView.xaml.cs(465,28): warning VSTHRD100: Avoid "async void" methods, because any exceptions not handled by the method will crash the process (https://microsoft.github.io/vs-threading/analyzers/VSTHRD100.html) [D:\ItemBinding\MainAPP\MainAPP.csproj]
D:\ItemBinding\MainAPP\ViewModels\MainViewModel.cs(558,29): warning VSTHRD001: Await JoinableTaskFactory.SwitchToMainThreadAsync() to switch to the UI thread instead of APIs that can deadlock or require specifying a priority (https://microsoft.github.io/vs-threading/analyzers/VSTHRD001.html) [D:\ItemBinding\MainAPP\MainAPP.csproj]
D:\ItemBinding\MainAPP\ViewModels\MainViewModel.cs(577,29): warning VSTHRD001: Await JoinableTaskFactory.SwitchToMainThreadAsync() to switch to the UI thread instead of APIs that can deadlock or require specifying a priority (https://microsoft.github.io/vs-threading/analyzers/VSTHRD001.html) [D:\ItemBinding\MainAPP\MainAPP.csproj]
D:\ItemBinding\MainAPP\ViewModels\MainViewModel.cs(558,17): warning VSTHRD110: Observe the awaitable result of this method call by awaiting it, assigning to a variable, or passing it to another method (https://microsoft.github.io/vs-threading/analyzers/VSTHRD110.html) [D:\ItemBinding\MainAPP\MainAPP.csproj]
D:\ItemBinding\MainAPP\ViewModels\MainViewModel.cs(577,17): warning VSTHRD110: Observe the awaitable result of this method call by awaiting it, assigning to a variable, or passing it to another method (https://microsoft.github.io/vs-threading/analyzers/VSTHRD110.html) [D:\ItemBinding\MainAPP\MainAPP.csproj]
D:\ItemBinding\MainAPP\ViewModels\DatabaseViewModel.cs(704,65): warning VSTHRD001: Await JoinableTaskFactory.SwitchToMainThreadAsync() to switch to the UI thread instead of APIs that can deadlock or require specifying a priority (https://microsoft.github.io/vs-threading/analyzers/VSTHRD001.html) [D:\ItemBinding\MainAPP\MainAPP.csproj]
D:\ItemBinding\MainAPP\ViewModels\RecipeManageViewModel.cs(116,73): warning VSTHRD001: Await JoinableTaskFactory.SwitchToMainThreadAsync() to switch to the UI thread instead of APIs that can deadlock or require specifying a priority (https://microsoft.github.io/vs-threading/analyzers/VSTHRD001.html) [D:\ItemBinding\MainAPP\MainAPP.csproj]
D:\ItemBinding\MainAPP\ViewModels\RecipeManageViewModel.cs(116,72): warning VSTHRD110: Observe the awaitable result of this method call by awaiting it, assigning to a variable, or passing it to another method (https://microsoft.github.io/vs-threading/analyzers/VSTHRD110.html) [D:\ItemBinding\MainAPP\MainAPP.csproj]
D:\ItemBinding\MainAPP\Views\LogView.xaml.cs(548,37): warning VSTHRD103: Result synchronously blocks. Use await instead. (https://microsoft.github.io/vs-threading/analyzers/VSTHRD103.html) [D:\ItemBinding\MainAPP\MainAPP.csproj]
D:\ItemBinding\MainAPP\Views\LogView.xaml.cs(557,43): warning VSTHRD103: Result synchronously blocks. Use await instead. (https://microsoft.github.io/vs-threading/analyzers/VSTHRD103.html) [D:\ItemBinding\MainAPP\MainAPP.csproj]
D:\ItemBinding\MainAPP\Views\LogView.xaml.cs(558,45): warning VSTHRD103: Result synchronously blocks. Use await instead. (https://microsoft.github.io/vs-threading/analyzers/VSTHRD103.html) [D:\ItemBinding\MainAPP\MainAPP.csproj]
D:\ItemBinding\MainAPP\Views\LogView.xaml.cs(559,44): warning VSTHRD103: Result synchronously blocks. Use await instead. (https://microsoft.github.io/vs-threading/analyzers/VSTHRD103.html) [D:\ItemBinding\MainAPP\MainAPP.csproj]
D:\ItemBinding\MainAPP\Views\LogView.xaml.cs(632,28): warning VSTHRD100: Avoid "async void" methods, because any exceptions not handled by the method will crash the process (https://microsoft.github.io/vs-threading/analyzers/VSTHRD100.html) [D:\ItemBinding\MainAPP\MainAPP.csproj]
D:\ItemBinding\MainAPP\Services\LogDatabaseService.cs(28,54): warning VSTHRD002: Synchronously waiting on tasks or awaiters may cause deadlocks. Use await or JoinableTaskFactory.Run instead. (https://microsoft.github.io/vs-threading/analyzers/VSTHRD002.html) [D:\ItemBinding\MainAPP\MainAPP.csproj]
D:\ItemBinding\MainAPP\Services\LogService.cs(176,40): warning VSTHRD001: Await JoinableTaskFactory.SwitchToMainThreadAsync() to switch to the UI thread instead of APIs that can deadlock or require specifying a priority (https://microsoft.github.io/vs-threading/analyzers/VSTHRD001.html) [D:\ItemBinding\MainAPP\MainAPP.csproj]
D:\ItemBinding\MainAPP\Services\LogService.cs(176,17): warning VSTHRD110: Observe the awaitable result of this method call by awaiting it, assigning to a variable, or passing it to another method (https://microsoft.github.io/vs-threading/analyzers/VSTHRD110.html) [D:\ItemBinding\MainAPP\MainAPP.csproj]
D:\ItemBinding\MainAPP\Services\LogService.cs(214,36): warning VSTHRD001: Await JoinableTaskFactory.SwitchToMainThreadAsync() to switch to the UI thread instead of APIs that can deadlock or require specifying a priority (https://microsoft.github.io/vs-threading/analyzers/VSTHRD001.html) [D:\ItemBinding\MainAPP\MainAPP.csproj]
D:\ItemBinding\MainAPP\Services\LogService.cs(214,13): warning VSTHRD110: Observe the awaitable result of this method call by awaiting it, assigning to a variable, or passing it to another method (https://microsoft.github.io/vs-threading/analyzers/VSTHRD110.html) [D:\ItemBinding\MainAPP\MainAPP.csproj]
D:\ItemBinding\MainAPP\Services\LogDatabaseService.cs(59,59): warning VSTHRD103: IsDBNull synchronously blocks. Await IsDBNullAsync instead. (https://microsoft.github.io/vs-threading/analyzers/VSTHRD103.html) [D:\ItemBinding\MainAPP\MainAPP.csproj]
D:\ItemBinding\MainAPP\Services\LogDatabaseService.cs(60,55): warning VSTHRD103: IsDBNull synchronously blocks. Await IsDBNullAsync instead. (https://microsoft.github.io/vs-threading/analyzers/VSTHRD103.html) [D:\ItemBinding\MainAPP\MainAPP.csproj]
D:\ItemBinding\MainAPP\Services\LogDatabaseService.cs(61,44): warning VSTHRD103: IsDBNull synchronously blocks. Await IsDBNullAsync instead. (https://microsoft.github.io/vs-threading/analyzers/VSTHRD103.html) [D:\ItemBinding\MainAPP\MainAPP.csproj]
D:\ItemBinding\MainAPP\Services\LogDatabaseService.cs(62,50): warning VSTHRD103: IsDBNull synchronously blocks. Await IsDBNullAsync instead. (https://microsoft.github.io/vs-threading/analyzers/VSTHRD103.html) [D:\ItemBinding\MainAPP\MainAPP.csproj]
D:\ItemBinding\MainAPP\Services\NotificationService.cs(42,28): warning VSTHRD001: Await JoinableTaskFactory.SwitchToMainThreadAsync() to switch to the UI thread instead of APIs that can deadlock or require specifying a priority (https://microsoft.github.io/vs-threading/analyzers/VSTHRD001.html) [D:\ItemBinding\MainAPP\MainAPP.csproj]
D:\ItemBinding\MainAPP\Services\NotificationService.cs(42,17): warning VSTHRD110: Observe the awaitable result of this method call by awaiting it, assigning to a variable, or passing it to another method (https://microsoft.github.io/vs-threading/analyzers/VSTHRD110.html) [D:\ItemBinding\MainAPP\MainAPP.csproj]
D:\ItemBinding\MainAPP\Services\LogDatabaseService.cs(63,45): warning VSTHRD103: IsDBNull synchronously blocks. Await IsDBNullAsync instead. (https://microsoft.github.io/vs-threading/analyzers/VSTHRD103.html) [D:\ItemBinding\MainAPP\MainAPP.csproj]
D:\ItemBinding\MainAPP\Services\LogDatabaseService.cs(234,43): warning VSTHRD002: Synchronously waiting on tasks or awaiters may cause deadlocks. Use await or JoinableTaskFactory.Run instead. (https://microsoft.github.io/vs-threading/analyzers/VSTHRD002.html) [D:\ItemBinding\MainAPP\MainAPP.csproj]
D:\ItemBinding\MainAPP\ViewModels\HomeViewModel.cs(1003,61): warning VSTHRD001: Await JoinableTaskFactory.SwitchToMainThreadAsync() to switch to the UI thread instead of APIs that can deadlock or require specifying a priority (https://microsoft.github.io/vs-threading/analyzers/VSTHRD001.html) [D:\ItemBinding\MainAPP\MainAPP.csproj]
D:\ItemBinding\MainAPP\ViewModels\HomeViewModel.cs(1003,60): warning VSTHRD110: Observe the awaitable result of this method call by awaiting it, assigning to a variable, or passing it to another method (https://microsoft.github.io/vs-threading/analyzers/VSTHRD110.html) [D:\ItemBinding\MainAPP\MainAPP.csproj]
D:\ItemBinding\MainAPP\ViewModels\RecipeViewModel.cs(757,30): warning VSTHRD103: Cancel synchronously blocks. Await CancelAsync instead. (https://microsoft.github.io/vs-threading/analyzers/VSTHRD103.html) [D:\ItemBinding\MainAPP\MainAPP.csproj]
D:\ItemBinding\MainAPP\Services\LogDatabaseService.cs(147,59): warning VSTHRD103: IsDBNull synchronously blocks. Await IsDBNullAsync instead. (https://microsoft.github.io/vs-threading/analyzers/VSTHRD103.html) [D:\ItemBinding\MainAPP\MainAPP.csproj]
D:\ItemBinding\MainAPP\Services\LogDatabaseService.cs(148,55): warning VSTHRD103: IsDBNull synchronously blocks. Await IsDBNullAsync instead. (https://microsoft.github.io/vs-threading/analyzers/VSTHRD103.html) [D:\ItemBinding\MainAPP\MainAPP.csproj]
D:\ItemBinding\MainAPP\Services\LogDatabaseService.cs(149,44): warning VSTHRD103: IsDBNull synchronously blocks. Await IsDBNullAsync instead. (https://microsoft.github.io/vs-threading/analyzers/VSTHRD103.html) [D:\ItemBinding\MainAPP\MainAPP.csproj]
D:\ItemBinding\MainAPP\Services\LogDatabaseService.cs(150,50): warning VSTHRD103: IsDBNull synchronously blocks. Await IsDBNullAsync instead. (https://microsoft.github.io/vs-threading/analyzers/VSTHRD103.html) [D:\ItemBinding\MainAPP\MainAPP.csproj]
D:\ItemBinding\MainAPP\Services\LogDatabaseService.cs(151,45): warning VSTHRD103: IsDBNull synchronously blocks. Await IsDBNullAsync instead. (https://microsoft.github.io/vs-threading/analyzers/VSTHRD103.html) [D:\ItemBinding\MainAPP\MainAPP.csproj]
D:\ItemBinding\MainAPP\ViewModels\HomeViewModel.cs(1403,90): warning VSTHRD002: Synchronously waiting on tasks or awaiters may cause deadlocks. Use await or JoinableTaskFactory.Run instead. (https://microsoft.github.io/vs-threading/analyzers/VSTHRD002.html) [D:\ItemBinding\MainAPP\MainAPP.csproj]
D:\ItemBinding\MainAPP\Views\ChartsView.xaml.cs(877,28): warning VSTHRD100: Avoid "async void" methods, because any exceptions not handled by the method will crash the process (https://microsoft.github.io/vs-threading/analyzers/VSTHRD100.html) [D:\ItemBinding\MainAPP\MainAPP.csproj]
D:\ItemBinding\MainAPP\ViewModels\RecipeViewModel.cs(1089,109): warning VSTHRD002: Synchronously waiting on tasks or awaiters may cause deadlocks. Use await or JoinableTaskFactory.Run instead. (https://microsoft.github.io/vs-threading/analyzers/VSTHRD002.html) [D:\ItemBinding\MainAPP\MainAPP.csproj]
D:\ItemBinding\MainAPP\ViewModels\RecipeViewModel.cs(1098,106): warning VSTHRD002: Synchronously waiting on tasks or awaiters may cause deadlocks. Use await or JoinableTaskFactory.Run instead. (https://microsoft.github.io/vs-threading/analyzers/VSTHRD002.html) [D:\ItemBinding\MainAPP\MainAPP.csproj]
D:\ItemBinding\MainAPP\ViewModels\RecipeViewModel.cs(1103,107): warning VSTHRD002: Synchronously waiting on tasks or awaiters may cause deadlocks. Use await or JoinableTaskFactory.Run instead. (https://microsoft.github.io/vs-threading/analyzers/VSTHRD002.html) [D:\ItemBinding\MainAPP\MainAPP.csproj]
D:\ItemBinding\MainAPP\ViewModels\RecipeViewModel.cs(1062,28): warning VSTHRD103: Cancel synchronously blocks. Await CancelAsync instead. (https://microsoft.github.io/vs-threading/analyzers/VSTHRD103.html) [D:\ItemBinding\MainAPP\MainAPP.csproj]
    158 个警告
    0 个错误

已用时间 00:00:04.46
